192.168.1.99 - - [10/Mar/2026:18:30:30 +0000] "POST /blog/post-1 HTTP/1.1" 304 4472 "-" "Mozilla/5.0 (iPhone; CPU iPhone OS 17_0 like Mac OS X) AppleWebKit/605.1.15 Mobile/15E148 Safari/604.1"
45.33.32.156 - - [10/Mar/2026:19:08:57 +0000] "GET /server-status HTTP/1.1" 404 325 "-" "curl/7.84.0"
192.168.2.210 - - [10/Mar/2026:19:06:25 +0000] "GET /favicon.ico HTTP/1.1" 200 21101 "-" "Mozilla/5.0 (Windows NT 10.0; Win64; x64) AppleWebKit/537.36 (KHTML, like Gecko) Chrome/120.0.0.0 Safari/537.36"
45.33.32.156 - - [10/Mar/2026:19:08:59 +0000] "GET /composer.json HTTP/1.1" 404 229 "-" "curl/7.84.0"
192.168.2.210 - - [10/Mar/2026:18:52:20 +0000] "POST /search?q=shoes HTTP/1.1" 200 22476 "-" "Mozilla/5.0 (iPhone; CPU iPhone OS 17_0 like Mac OS X) AppleWebKit/605.1.15 Mobile/15E148 Safari/604.1"
192.168.0.241 - - [10/Mar/2026:18:56:35 +0000] "GET /assets/app.js HTTP/1.1" 200 15550 "-" "Mozilla/5.0 (Macintosh; Intel Mac OS X 10_15_7) AppleWebKit/605.1.15 (KHTML, like Gecko) Version/17.0 Safari/605.1.15"
192.168.0.177 - - [10/Mar/2026:18:56:39 +0000] "POST /about HTTP/1.1" 200 12529 "-" "Mozilla/5.0 (X11; Linux x86_64; rv:109.0) Gecko/20100101 Firefox/115.0"
192.168.2.147 - - [10/Mar/2026:18:26:38 +0000] "GET /assets/app.js HTTP/1.1" 200 5634 "-" "Mozilla/5.0 (Windows NT 10.0; Win64; x64) AppleWebKit/537.36 (KHTML, like Gecko) Chrome/120.0.0.0 Safari/537.36"
192.168.1.43 - - [10/Mar/2026:18:25:15 +0000] "POST /about HTTP/1.1" 200 19034 "-" "Mozilla/5.0 (iPhone; CPU iPhone OS 17_0 like Mac OS X) AppleWebKit/605.1.15 Mobile/15E148 Safari/604.1"
192.168.2.7 - - [10/Mar/2026:18:29:58 +0000] "POST /about HTTP/1.1" 404 21140 "-" "Mozilla/5.0 (iPhone; CPU iPhone OS 17_0 like Mac OS X) AppleWebKit/605.1.15 Mobile/15E148 Safari/604.1"
192.168.5.218 - - [10/Mar/2026:18:41:26 +0000] "GET /products HTTP/1.1" 200 20555 "-" "Mozilla/5.0 (X11; Linux x86_64; rv:109.0) Gecko/20100101 Firefox/115.0"
192.168.1.99 - - [10/Mar/2026:18:23:43 +0000] "GET /api/v1/users HTTP/1.1" 200 19576 "-" "Mozilla/5.0 (iPhone; CPU iPhone OS 17_0 like Mac OS X) AppleWebKit/605.1.15 Mobile/15E148 Safari/604.1"
192.168.2.147 - - [10/Mar/2026:18:44:55 +0000] "GET /about HTTP/1.1" 200 1039 "-" "Mozilla/5.0 (Windows NT 10.0; Win64; x64) AppleWebKit/537.36 (KHTML, like Gecko) Chrome/120.0.0.0 Safari/537.36"
192.168.0.177 - - [10/Mar/2026:18:28:31 +0000] "POST /blog/post-1 HTTP/1.1" 200 21510 "-" "Mozilla/5.0 (X11; Linux x86_64; rv:109.0) Gecko/20100101 Firefox/115.0"
192.168.0.177 - - [10/Mar/2026:18:32:40 +0000] "GET /about HTTP/1.1" 200 17014 "-" "Mozilla/5.0 (Windows NT 10.0; Win64; x64) AppleWebKit/537.36 (KHTML, like Gecko) Chrome/120.0.0.0 Safari/537.36"
185.220.101.45 - - [10/Mar/2026:19:07:43 +0000] "GET /page?file=../../../../etc/passwd HTTP/1.1" 200 2500 "-" "Nikto/2.1.6"
192.168.2.210 - - [10/Mar/2026:18:55:58 +0000] "GET /search?q=shoes HTTP/1.1" 200 7839 "-" "Mozilla/5.0 (X11; Linux x86_64; rv:109.0) Gecko/20100101 Firefox/115.0"
192.168.2.210 - - [10/Mar/2026:18:36:08 +0000] "GET /assets/main.css HTTP/1.1" 200 7291 "-" "Mozilla/5.0 (iPhone; CPU iPhone OS 17_0 like Mac OS X) AppleWebKit/605.1.15 Mobile/15E148 Safari/604.1"
45.33.32.156 - - [10/Mar/2026:19:06:59 +0000] "GET /search?q=%27+UNION+SELECT+null%2Cusername%2Cpassword+FROM+users-- HTTP/1.1" 500 1113 "-" "sqlmap/1.7.8#stable (https://sqlmap.org)"
192.168.4.9 - - [10/Mar/2026:18:40:23 +0000] "GET /logout HTTP/1.1" 200 7758 "-" "Mozilla/5.0 (Windows NT 10.0; Win64; x64) AppleWebKit/537.36 (KHTML, like Gecko) Chrome/120.0.0.0 Safari/537.36"
45.33.32.156 - - [10/Mar/2026:19:08:48 +0000] "GET /config.php.bak HTTP/1.1" 403 280 "-" "curl/7.84.0"
192.168.1.99 - - [10/Mar/2026:18:57:27 +0000] "POST /search?q=shoes HTTP/1.1" 200 1725 "-" "Mozilla/5.0 (iPhone; CPU iPhone OS 17_0 like Mac OS X) AppleWebKit/605.1.15 Mobile/15E148 Safari/604.1"
192.168.1.43 - - [10/Mar/2026:18:50:44 +0000] "GET /login HTTP/1.1" 200 17381 "-" "Mozilla/5.0 (X11; Linux x86_64; rv:109.0) Gecko/20100101 Firefox/115.0"
192.168.0.86 - - [10/Mar/2026:18:34:02 +0000] "GET /about HTTP/1.1" 200 8897 "-" "Mozilla/5.0 (X11; Linux x86_64; rv:109.0) Gecko/20100101 Firefox/115.0"
45.33.32.156 - - [10/Mar/2026:19:09:02 +0000] "GET /phpmyadmin/ HTTP/1.1" 404 299 "-" "curl/7.84.0"
192.168.2.210 - - [10/Mar/2026:18:41:45 +0000] "GET /contact HTTP/1.1" 404 1758 "-" "Mozilla/5.0 (iPhone; CPU iPhone OS 17_0 like Mac OS X) AppleWebKit/605.1.15 Mobile/15E148 Safari/604.1"
45.33.32.156 - - [10/Mar/2026:19:08:54 +0000] "GET /phpmyadmin/ HTTP/1.1" 404 447 "-" "curl/7.84.0"
198.51.100.12 - - [10/Mar/2026:19:09:23 +0000] "GET /page?id=PHNjcmlwdD5hbGVydCgxKTwvc2NyaXB0Pg== HTTP/1.1" 400 3188 "-" "Acunetix Web Vulnerability Scanner/13"
45.33.32.156 - - [10/Mar/2026:19:08:50 +0000] "GET /server-status HTTP/1.1" 404 288 "-" "curl/7.84.0"
192.168.3.134 - - [10/Mar/2026:18:29:04 +0000] "POST /contact HTTP/1.1" 404 14788 "-" "Mozilla/5.0 (iPhone; CPU iPhone OS 17_0 like Mac OS X) AppleWebKit/605.1.15 Mobile/15E148 Safari/604.1"
192.168.4.38 - - [10/Mar/2026:18:56:05 +0000] "POST /blog HTTP/1.1" 200 8975 "-" "Mozilla/5.0 (Macintosh; Intel Mac OS X 10_15_7) AppleWebKit/605.1.15 (KHTML, like Gecko) Version/17.0 Safari/605.1.15"
192.168.4.38 - - [10/Mar/2026:18:47:21 +0000] "POST /index.html HTTP/1.1" 200 24290 "-" "Mozilla/5.0 (Windows NT 10.0; Win64; x64) AppleWebKit/537.36 (KHTML, like Gecko) Chrome/120.0.0.0 Safari/537.36"
192.168.5.218 - - [10/Mar/2026:18:43:06 +0000] "GET /search?q=shoes HTTP/1.1" 200 11330 "-" "Mozilla/5.0 (X11; Linux x86_64; rv:109.0) Gecko/20100101 Firefox/115.0"
45.33.32.156 - - [10/Mar/2026:19:08:56 +0000] "GET /backup.zip HTTP/1.1" 404 489 "-" "curl/7.84.0"
192.168.2.210 - - [10/Mar/2026:18:33:32 +0000] "POST /search?q=shoes HTTP/1.1" 200 9760 "-" "Mozilla/5.0 (Windows NT 10.0; Win64; x64) AppleWebKit/537.36 (KHTML, like Gecko) Chrome/120.0.0.0 Safari/537.36"
45.33.32.156 - - [10/Mar/2026:19:08:32 +0000] "GET /wp-admin/ HTTP/1.1" 404 243 "-" "curl/7.84.0"
192.168.4.9 - - [10/Mar/2026:19:01:17 +0000] "GET /search?q=shoes HTTP/1.1" 200 14127 "-" "Mozilla/5.0 (Macintosh; Intel Mac OS X 10_15_7) AppleWebKit/605.1.15 (KHTML, like Gecko) Version/17.0 Safari/605.1.15"
192.168.2.210 - - [10/Mar/2026:18:54:41 +0000] "GET /blog HTTP/1.1" 200 11586 "-" "Mozilla/5.0 (Macintosh; Intel Mac OS X 10_15_7) AppleWebKit/605.1.15 (KHTML, like Gecko) Version/17.0 Safari/605.1.15"
198.51.100.12 - - [10/Mar/2026:19:06:39 +0000] "GET /login?username=%27+OR+%271%27%3D%271&password=test HTTP/1.1" 403 215 "-" "sqlmap/1.7.8#stable (https://sqlmap.org)"
192.168.0.106 - - [10/Mar/2026:18:46:09 +0000] "POST /index.html HTTP/1.1" 200 15542 "-" "Mozilla/5.0 (Macintosh; Intel Mac OS X 10_15_7) AppleWebKit/605.1.15 (KHTML, like Gecko) Version/17.0 Safari/605.1.15"
192.168.0.86 - - [10/Mar/2026:18:52:17 +0000] "GET /blog/post-1 HTTP/1.1" 200 10446 "-" "Mozilla/5.0 (Macintosh; Intel Mac OS X 10_15_7) AppleWebKit/605.1.15 (KHTML, like Gecko) Version/17.0 Safari/605.1.15"
192.168.5.218 - - [10/Mar/2026:18:40:47 +0000] "GET /contact HTTP/1.1" 200 4182 "-" "Mozilla/5.0 (Windows NT 10.0; Win64; x64) AppleWebKit/537.36 (KHTML, like Gecko) Chrome/120.0.0.0 Safari/537.36"
192.168.2.7 - - [10/Mar/2026:18:54:30 +0000] "POST /login HTTP/1.1" 200 9616 "-" "Mozilla/5.0 (iPhone; CPU iPhone OS 17_0 like Mac OS X) AppleWebKit/605.1.15 Mobile/15E148 Safari/604.1"
192.168.0.106 - - [10/Mar/2026:18:37:39 +0000] "POST /favicon.ico HTTP/1.1" 301 2870 "-" "Mozilla/5.0 (X11; Linux x86_64; rv:109.0) Gecko/20100101 Firefox/115.0"
185.220.101.45 - - [10/Mar/2026:19:08:10 +0000] "GET /view?doc=php://filter/convert.base64-encode/resource=index.php HTTP/1.1" 404 2409 "-" "Nikto/2.1.6"
192.168.2.7 - - [10/Mar/2026:18:49:02 +0000] "GET /blog/post-1 HTTP/1.1" 200 6677 "-" "Mozilla/5.0 (X11; Linux x86_64; rv:109.0) Gecko/20100101 Firefox/115.0"
45.33.32.156 - - [10/Mar/2026:19:08:29 +0000] "GET /.env HTTP/1.1" 403 216 "-" "curl/7.84.0"
172.16.254.1 - - [10/Mar/2026:19:09:49 +0000] "POST /login HTTP/1.1" 401 177 "https://target.com/login" "python-requests/2.28.0"
172.16.254.1 - - [10/Mar/2026:19:09:47 +0000] "POST /login HTTP/1.1" 401 232 "https://target.com/login" "python-requests/2.28.0"
172.16.254.1 - - [10/Mar/2026:19:06:43 +0000] "GET /product?id=1%3B+DROP+TABLE+users%3B-- HTTP/1.1" 500 1225 "-" "sqlmap/1.7.8#stable (https://sqlmap.org)"
192.168.3.134 - - [10/Mar/2026:19:02:48 +0000] "POST /assets/main.css HTTP/1.1" 200 18467 "-" "Mozilla/5.0 (X11; Linux x86_64; rv:109.0) Gecko/20100101 Firefox/115.0"
192.168.0.177 - - [10/Mar/2026:18:25:57 +0000] "GET /logout HTTP/1.1" 200 21552 "-" "Mozilla/5.0 (iPhone; CPU iPhone OS 17_0 like Mac OS X) AppleWebKit/605.1.15 Mobile/15E148 Safari/604.1"
192.168.3.119 - - [10/Mar/2026:18:38:47 +0000] "GET /index.html HTTP/1.1" 200 19469 "-" "Mozilla/5.0 (Macintosh; Intel Mac OS X 10_15_7) AppleWebKit/605.1.15 (KHTML, like Gecko) Version/17.0 Safari/605.1.15"
203.0.113.77 - - [10/Mar/2026:19:08:21 +0000] "GET /tools/check?input=%7C+id HTTP/1.1" 500 720 "-" "python-requests/2.28.0"
192.168.5.218 - - [10/Mar/2026:18:48:54 +0000] "GET /api/v1/orders HTTP/1.1" 200 4919 "-" "Mozilla/5.0 (Windows NT 10.0; Win64; x64) AppleWebKit/537.36 (KHTML, like Gecko) Chrome/120.0.0.0 Safari/537.36"
192.168.3.119 - - [10/Mar/2026:18:58:06 +0000] "POST /favicon.ico HTTP/1.1" 200 17142 "-" "Mozilla/5.0 (Windows NT 10.0; Win64; x64) AppleWebKit/537.36 (KHTML, like Gecko) Chrome/120.0.0.0 Safari/537.36"
192.168.2.147 - - [10/Mar/2026:19:02:18 +0000] "GET /products HTTP/1.1" 200 7333 "-" "Mozilla/5.0 (Windows NT 10.0; Win64; x64) AppleWebKit/537.36 (KHTML, like Gecko) Chrome/120.0.0.0 Safari/537.36"
192.168.3.134 - - [10/Mar/2026:18:31:54 +0000] "GET /about HTTP/1.1" 200 20816 "-" "Mozilla/5.0 (iPhone; CPU iPhone OS 17_0 like Mac OS X) AppleWebKit/605.1.15 Mobile/15E148 Safari/604.1"
185.220.101.45 - - [10/Mar/2026:19:07:44 +0000] "GET /index.php?page=..%2F..%2F..%2Fetc%2Fshadow HTTP/1.1" 200 6160 "-" "Nikto/2.1.6"
192.168.4.38 - - [10/Mar/2026:18:39:59 +0000] "GET /blog HTTP/1.1" 200 9101 "-" "Mozilla/5.0 (Macintosh; Intel Mac OS X 10_15_7) AppleWebKit/605.1.15 (KHTML, like Gecko) Version/17.0 Safari/605.1.15"
192.168.3.119 - - [10/Mar/2026:18:39:19 +0000] "POST /login HTTP/1.1" 200 21958 "-" "Mozilla/5.0 (X11; Linux x86_64; rv:109.0) Gecko/20100101 Firefox/115.0"
192.168.3.12 - - [10/Mar/2026:18:29:31 +0000] "GET /assets/main.css HTTP/1.1" 200 22387 "-" "Mozilla/5.0 (iPhone; CPU iPhone OS 17_0 like Mac OS X) AppleWebKit/605.1.15 Mobile/15E148 Safari/604.1"
172.16.254.1 - - [10/Mar/2026:19:09:48 +0000] "POST /login HTTP/1.1" 401 170 "https://target.com/login" "python-requests/2.28.0"
192.168.1.43 - - [10/Mar/2026:18:53:13 +0000] "GET /api/v1/orders HTTP/1.1" 200 13811 "-" "Mozilla/5.0 (iPhone; CPU iPhone OS 17_0 like Mac OS X) AppleWebKit/605.1.15 Mobile/15E148 Safari/604.1"
192.168.0.106 - - [10/Mar/2026:18:33:41 +0000] "POST /search?q=shoes HTTP/1.1" 404 24173 "-" "Mozilla/5.0 (X11; Linux x86_64; rv:109.0) Gecko/20100101 Firefox/115.0"
192.168.4.38 - - [10/Mar/2026:18:27:15 +0000] "POST /blog HTTP/1.1" 200 5892 "-" "Mozilla/5.0 (iPhone; CPU iPhone OS 17_0 like Mac OS X) AppleWebKit/605.1.15 Mobile/15E148 Safari/604.1"
192.168.3.119 - - [10/Mar/2026:18:51:22 +0000] "GET /assets/app.js HTTP/1.1" 200 7526 "-" "Mozilla/5.0 (X11; Linux x86_64; rv:109.0) Gecko/20100101 Firefox/115.0"
192.168.2.210 - - [10/Mar/2026:18:44:33 +0000] "GET /assets/main.css HTTP/1.1" 200 9543 "-" "Mozilla/5.0 (X11; Linux x86_64; rv:109.0) Gecko/20100101 Firefox/115.0"
192.168.0.54 - - [10/Mar/2026:18:59:14 +0000] "GET /about HTTP/1.1" 200 23888 "-" "Mozilla/5.0 (Windows NT 10.0; Win64; x64) AppleWebKit/537.36 (KHTML, like Gecko) Chrome/120.0.0.0 Safari/537.36"
192.168.0.177 - - [10/Mar/2026:18:42:34 +0000] "GET /api/v1/orders HTTP/1.1" 200 21576 "-" "Mozilla/5.0 (X11; Linux x86_64; rv:109.0) Gecko/20100101 Firefox/115.0"
192.168.0.200 - - [10/Mar/2026:18:55:40 +0000] "POST /contact HTTP/1.1" 200 19041 "-" "Mozilla/5.0 (iPhone; CPU iPhone OS 17_0 like Mac OS X) AppleWebKit/605.1.15 Mobile/15E148 Safari/604.1"
45.33.32.156 - - [10/Mar/2026:19:08:51 +0000] "GET /.env HTTP/1.1" 404 199 "-" "curl/7.84.0"
192.168.2.227 - - [10/Mar/2026:18:47:37 +0000] "GET /products HTTP/1.1" 200 5298 "-" "Mozilla/5.0 (X11; Linux x86_64; rv:109.0) Gecko/20100101 Firefox/115.0"
192.168.2.7 - - [10/Mar/2026:18:56:49 +0000] "POST /login HTTP/1.1" 200 24941 "-" "Mozilla/5.0 (Macintosh; Intel Mac OS X 10_15_7) AppleWebKit/605.1.15 (KHTML, like Gecko) Version/17.0 Safari/605.1.15"
192.168.0.54 - - [10/Mar/2026:18:50:59 +0000] "GET /assets/app.js HTTP/1.1" 200 22362 "-" "Mozilla/5.0 (Macintosh; Intel Mac OS X 10_15_7) AppleWebKit/605.1.15 (KHTML, like Gecko) Version/17.0 Safari/605.1.15"
198.51.100.12 - - [10/Mar/2026:19:09:10 +0000] "GET /search?q=%2527%2520OR%25201%253D1-- HTTP/1.1" 400 2606 "-" "Burp Suite Professional v2023.10"
192.168.2.227 - - [10/Mar/2026:18:22:42 +0000] "GET /contact HTTP/1.1" 200 9651 "-" "Mozilla/5.0 (iPhone; CPU iPhone OS 17_0 like Mac OS X) AppleWebKit/605.1.15 Mobile/15E148 Safari/604.1"
172.16.254.1 - - [10/Mar/2026:19:07:13 +0000] "GET /search?q=%27+UNION+SELECT+null%2Cusername%2Cpassword+FROM+users-- HTTP/1.1" 200 939 "-" "sqlmap/1.7.8#stable (https://sqlmap.org)"
192.168.4.38 - - [10/Mar/2026:18:54:11 +0000] "POST /blog/post-1 HTTP/1.1" 200 1937 "-" "Mozilla/5.0 (Windows NT 10.0; Win64; x64) AppleWebKit/537.36 (KHTML, like Gecko) Chrome/120.0.0.0 Safari/537.36"
203.0.113.77 - - [10/Mar/2026:19:07:27 +0000] "GET /profile?name=%3Csvg%2Fonload%3Dalert%28%27xss%27%29%3E HTTP/1.1" 200 3544 "-" "DirBuster-1.0-RC1"
192.168.5.218 - - [10/Mar/2026:18:42:50 +0000] "GET / HTTP/1.1" 200 3040 "-" "Mozilla/5.0 (Macintosh; Intel Mac OS X 10_15_7) AppleWebKit/605.1.15 (KHTML, like Gecko) Version/17.0 Safari/605.1.15"
192.168.0.200 - - [10/Mar/2026:18:52:59 +0000] "GET /blog HTTP/1.1" 200 4216 "-" "Mozilla/5.0 (Windows NT 10.0; Win64; x64) AppleWebKit/537.36 (KHTML, like Gecko) Chrome/120.0.0.0 Safari/537.36"
192.168.3.134 - - [10/Mar/2026:18:34:53 +0000] "GET /contact HTTP/1.1" 200 14339 "-" "Mozilla/5.0 (iPhone; CPU iPhone OS 17_0 like Mac OS X) AppleWebKit/605.1.15 Mobile/15E148 Safari/604.1"
192.168.3.12 - - [10/Mar/2026:18:23:39 +0000] "POST /products HTTP/1.1" 200 5579 "-" "Mozilla/5.0 (Macintosh; Intel Mac OS X 10_15_7) AppleWebKit/605.1.15 (KHTML, like Gecko) Version/17.0 Safari/605.1.15"
10.0.0.99 - - [10/Mar/2026:19:06:51 +0000] "GET /product?id=1%3B+DROP+TABLE+users%3B-- HTTP/1.1" 403 1713 "-" "sqlmap/1.7.8#stable (https://sqlmap.org)"
192.168.3.134 - - [10/Mar/2026:18:49:47 +0000] "POST /blog/post-1 HTTP/1.1" 200 3731 "-" "Mozilla/5.0 (X11; Linux x86_64; rv:109.0) Gecko/20100101 Firefox/115.0"
45.33.32.156 - - [10/Mar/2026:19:09:07 +0000] "GET /composer.json HTTP/1.1" 404 436 "-" "curl/7.84.0"
45.33.32.156 - - [10/Mar/2026:19:08:42 +0000] "GET /phpmyadmin/ HTTP/1.1" 404 161 "-" "curl/7.84.0"
192.168.2.147 - - [10/Mar/2026:18:54:44 +0000] "POST /search?q=shoes HTTP/1.1" 404 7293 "-" "Mozilla/5.0 (Windows NT 10.0; Win64; x64) AppleWebKit/537.36 (KHTML, like Gecko) Chrome/120.0.0.0 Safari/537.36"
192.168.0.55 - - [10/Mar/2026:18:51:21 +0000] "GET /index.html HTTP/1.1" 200 1310 "-" "Mozilla/5.0 (Windows NT 10.0; Win64; x64) AppleWebKit/537.36 (KHTML, like Gecko) Chrome/120.0.0.0 Safari/537.36"
192.168.3.134 - - [10/Mar/2026:18:31:00 +0000] "GET /products HTTP/1.1" 200 690 "-" "Mozilla/5.0 (iPhone; CPU iPhone OS 17_0 like Mac OS X) AppleWebKit/605.1.15 Mobile/15E148 Safari/604.1"
192.168.0.54 - - [10/Mar/2026:18:38:28 +0000] "GET /search?q=shoes HTTP/1.1" 200 7467 "-" "Mozilla/5.0 (Macintosh; Intel Mac OS X 10_15_7) AppleWebKit/605.1.15 (KHTML, like Gecko) Version/17.0 Safari/605.1.15"
192.168.0.177 - - [10/Mar/2026:18:39:44 +0000] "GET /login HTTP/1.1" 200 18012 "-" "Mozilla/5.0 (Windows NT 10.0; Win64; x64) AppleWebKit/537.36 (KHTML, like Gecko) Chrome/120.0.0.0 Safari/537.36"
45.33.32.156 - - [10/Mar/2026:19:08:37 +0000] "GET /config.php.bak HTTP/1.1" 404 238 "-" "curl/7.84.0"
192.168.4.38 - - [10/Mar/2026:18:44:26 +0000] "GET / HTTP/1.1" 200 3875 "-" "Mozilla/5.0 (X11; Linux x86_64; rv:109.0) Gecko/20100101 Firefox/115.0"
192.168.0.200 - - [10/Mar/2026:18:53:50 +0000] "GET /favicon.ico HTTP/1.1" 200 1980 "-" "Mozilla/5.0 (iPhone; CPU iPhone OS 17_0 like Mac OS X) AppleWebKit/605.1.15 Mobile/15E148 Safari/604.1"
192.168.5.218 - - [10/Mar/2026:19:02:59 +0000] "POST /blog HTTP/1.1" 200 6929 "-" "Mozilla/5.0 (iPhone; CPU iPhone OS 17_0 like Mac OS X) AppleWebKit/605.1.15 Mobile/15E148 Safari/604.1"
45.33.32.156 - - [10/Mar/2026:19:09:05 +0000] "GET /config.php.bak HTTP/1.1" 404 274 "-" "curl/7.84.0"
172.16.254.1 - - [10/Mar/2026:19:07:05 +0000] "GET /login?username=%27+OR+%271%27%3D%271&password=test HTTP/1.1" 403 1204 "-" "sqlmap/1.7.8#stable (https://sqlmap.org)"
192.168.2.147 - - [10/Mar/2026:18:46:44 +0000] "GET /logout HTTP/1.1" 200 3986 "-" "Mozilla/5.0 (Macintosh; Intel Mac OS X 10_15_7) AppleWebKit/605.1.15 (KHTML, like Gecko) Version/17.0 Safari/605.1.15"
192.168.2.210 - - [10/Mar/2026:19:01:37 +0000] "GET /favicon.ico HTTP/1.1" 200 17752 "-" "Mozilla/5.0 (iPhone; CPU iPhone OS 17_0 like Mac OS X) AppleWebKit/605.1.15 Mobile/15E148 Safari/604.1"
192.168.2.7 - - [10/Mar/2026:18:37:27 +0000] "GET /about HTTP/1.1" 200 4584 "-" "Mozilla/5.0 (Macintosh; Intel Mac OS X 10_15_7) AppleWebKit/605.1.15 (KHTML, like Gecko) Version/17.0 Safari/605.1.15"
192.168.0.55 - - [10/Mar/2026:18:54:32 +0000] "GET /blog/post-1 HTTP/1.1" 200 24666 "-" "Mozilla/5.0 (X11; Linux x86_64; rv:109.0) Gecko/20100101 Firefox/115.0"
192.168.2.147 - - [10/Mar/2026:19:06:18 +0000] "POST /favicon.ico HTTP/1.1" 200 8829 "-" "Mozilla/5.0 (Windows NT 10.0; Win64; x64) AppleWebKit/537.36 (KHTML, like Gecko) Chrome/120.0.0.0 Safari/537.36"
192.168.4.38 - - [10/Mar/2026:19:01:02 +0000] "GET / HTTP/1.1" 200 24388 "-" "Mozilla/5.0 (X11; Linux x86_64; rv:109.0) Gecko/20100101 Firefox/115.0"
45.33.32.156 - - [10/Mar/2026:19:08:39 +0000] "GET /server-status HTTP/1.1" 404 165 "-" "curl/7.84.0"
192.168.3.134 - - [10/Mar/2026:19:00:22 +0000] "GET / HTTP/1.1" 200 19906 "-" "Mozilla/5.0 (X11; Linux x86_64; rv:109.0) Gecko/20100101 Firefox/115.0"
192.168.0.86 - - [10/Mar/2026:18:44:07 +0000] "POST /search?q=shoes HTTP/1.1" 200 24571 "-" "Mozilla/5.0 (Macintosh; Intel Mac OS X 10_15_7) AppleWebKit/605.1.15 (KHTML, like Gecko) Version/17.0 Safari/605.1.15"
192.168.2.227 - - [10/Mar/2026:18:31:18 +0000] "GET /about HTTP/1.1" 200 20704 "-" "Mozilla/5.0 (X11; Linux x86_64; rv:109.0) Gecko/20100101 Firefox/115.0"
192.168.3.119 - - [10/Mar/2026:18:44:50 +0000] "GET /products HTTP/1.1" 200 12271 "-" "Mozilla/5.0 (Windows NT 10.0; Win64; x64) AppleWebKit/537.36 (KHTML, like Gecko) Chrome/120.0.0.0 Safari/537.36"
192.168.1.43 - - [10/Mar/2026:18:37:40 +0000] "GET /assets/main.css HTTP/1.1" 301 12376 "-" "Mozilla/5.0 (Macintosh; Intel Mac OS X 10_15_7) AppleWebKit/605.1.15 (KHTML, like Gecko) Version/17.0 Safari/605.1.15"
192.168.1.99 - - [10/Mar/2026:18:52:42 +0000] "GET /assets/main.css HTTP/1.1" 301 692 "-" "Mozilla/5.0 (iPhone; CPU iPhone OS 17_0 like Mac OS X) AppleWebKit/605.1.15 Mobile/15E148 Safari/604.1"
192.168.4.9 - - [10/Mar/2026:18:55:03 +0000] "GET /api/v1/users HTTP/1.1" 200 6967 "-" "Mozilla/5.0 (Macintosh; Intel Mac OS X 10_15_7) AppleWebKit/605.1.15 (KHTML, like Gecko) Version/17.0 Safari/605.1.15"
192.168.5.178 - - [10/Mar/2026:18:43:30 +0000] "GET /blog/post-1 HTTP/1.1" 200 22435 "-" "Mozilla/5.0 (Windows NT 10.0; Win64; x64) AppleWebKit/537.36 (KHTML, like Gecko) Chrome/120.0.0.0 Safari/537.36"
192.168.0.200 - - [10/Mar/2026:18:47:09 +0000] "GET /api/v1/orders HTTP/1.1" 200 7061 "-" "Mozilla/5.0 (Windows NT 10.0; Win64; x64) AppleWebKit/537.36 (KHTML, like Gecko) Chrome/120.0.0.0 Safari/537.36"
192.168.0.200 - - [10/Mar/2026:18:22:43 +0000] "GET /api/v1/orders HTTP/1.1" 200 13605 "-" "Mozilla/5.0 (Macintosh; Intel Mac OS X 10_15_7) AppleWebKit/605.1.15 (KHTML, like Gecko) Version/17.0 Safari/605.1.15"
203.0.113.77 - - [10/Mar/2026:19:08:17 +0000] "GET /api/exec?cmd=%60whoami%60 HTTP/1.1" 500 2876 "-" "python-requests/2.28.0"
192.168.0.106 - - [10/Mar/2026:19:02:40 +0000] "POST /assets/app.js HTTP/1.1" 200 15432 "-" "Mozilla/5.0 (X11; Linux x86_64; rv:109.0) Gecko/20100101 Firefox/115.0"
192.168.2.227 - - [10/Mar/2026:18:31:23 +0000] "GET /assets/app.js HTTP/1.1" 200 6891 "-" "Mozilla/5.0 (X11; Linux x86_64; rv:109.0) Gecko/20100101 Firefox/115.0"
192.168.3.119 - - [10/Mar/2026:19:05:22 +0000] "GET /favicon.ico HTTP/1.1" 304 23636 "-" "Mozilla/5.0 (Windows NT 10.0; Win64; x64) AppleWebKit/537.36 (KHTML, like Gecko) Chrome/120.0.0.0 Safari/537.36"
192.168.0.200 - - [10/Mar/2026:18:59:42 +0000] "GET /blog/post-1 HTTP/1.1" 200 4622 "-" "Mozilla/5.0 (Macintosh; Intel Mac OS X 10_15_7) AppleWebKit/605.1.15 (KHTML, like Gecko) Version/17.0 Safari/605.1.15"
172.16.254.1 - - [10/Mar/2026:19:09:39 +0000] "POST /login HTTP/1.1" 401 296 "https://target.com/login" "python-requests/2.28.0"
192.168.0.200 - - [10/Mar/2026:18:43:27 +0000] "GET /api/v1/users HTTP/1.1" 304 23250 "-" "Mozilla/5.0 (X11; Linux x86_64; rv:109.0) Gecko/20100101 Firefox/115.0"
192.168.3.134 - - [10/Mar/2026:18:55:35 +0000] "GET /products HTTP/1.1" 200 3206 "-" "Mozilla/5.0 (X11; Linux x86_64; rv:109.0) Gecko/20100101 Firefox/115.0"
45.33.32.156 - - [10/Mar/2026:19:08:49 +0000] "GET /.htaccess HTTP/1.1" 404 159 "-" "curl/7.84.0"
192.168.2.227 - - [10/Mar/2026:18:23:38 +0000] "POST /blog/post-1 HTTP/1.1" 200 24098 "-" "Mozilla/5.0 (X11; Linux x86_64; rv:109.0) Gecko/20100101 Firefox/115.0"
192.168.2.7 - - [10/Mar/2026:18:45:28 +0000] "GET /blog HTTP/1.1" 200 9883 "-" "Mozilla/5.0 (X11; Linux x86_64; rv:109.0) Gecko/20100101 Firefox/115.0"
192.168.1.99 - - [10/Mar/2026:18:32:14 +0000] "GET /blog HTTP/1.1" 200 15352 "-" "Mozilla/5.0 (Macintosh; Intel Mac OS X 10_15_7) AppleWebKit/605.1.15 (KHTML, like Gecko) Version/17.0 Safari/605.1.15"
198.51.100.12 - - [10/Mar/2026:19:07:21 +0000] "GET /profile?name=%3Csvg%2Fonload%3Dalert%28%27xss%27%29%3E HTTP/1.1" 200 2044 "-" "Acunetix Web Vulnerability Scanner/13"
192.168.0.241 - - [10/Mar/2026:18:24:56 +0000] "POST /api/v1/orders HTTP/1.1" 200 12717 "-" "Mozilla/5.0 (X11; Linux x86_64; rv:109.0) Gecko/20100101 Firefox/115.0"
192.168.0.177 - - [10/Mar/2026:18:39:10 +0000] "GET /blog HTTP/1.1" 200 13562 "-" "Mozilla/5.0 (iPhone; CPU iPhone OS 17_0 like Mac OS X) AppleWebKit/605.1.15 Mobile/15E148 Safari/604.1"
192.168.2.210 - - [10/Mar/2026:18:38:58 +0000] "GET /about HTTP/1.1" 200 7751 "-" "Mozilla/5.0 (Windows NT 10.0; Win64; x64) AppleWebKit/537.36 (KHTML, like Gecko) Chrome/120.0.0.0 Safari/537.36"
172.16.254.1 - - [10/Mar/2026:19:09:38 +0000] "POST /login HTTP/1.1" 401 216 "https://target.com/login" "python-requests/2.28.0"
192.168.5.218 - - [10/Mar/2026:18:44:16 +0000] "POST /index.html HTTP/1.1" 200 10811 "-" "Mozilla/5.0 (X11; Linux x86_64; rv:109.0) Gecko/20100101 Firefox/115.0"
192.168.2.227 - - [10/Mar/2026:18:55:18 +0000] "POST /products HTTP/1.1" 200 1757 "-" "Mozilla/5.0 (iPhone; CPU iPhone OS 17_0 like Mac OS X) AppleWebKit/605.1.15 Mobile/15E148 Safari/604.1"
45.33.32.156 - - [10/Mar/2026:19:08:56 +0000] "GET /config.php.bak HTTP/1.1" 404 134 "-" "curl/7.84.0"
172.16.254.1 - - [10/Mar/2026:19:09:51 +0000] "POST /login HTTP/1.1" 401 289 "https://target.com/login" "python-requests/2.28.0"
192.168.2.210 - - [10/Mar/2026:18:22:10 +0000] "POST /search?q=shoes HTTP/1.1" 200 20412 "-" "Mozilla/5.0 (Macintosh; Intel Mac OS X 10_15_7) AppleWebKit/605.1.15 (KHTML, like Gecko) Version/17.0 Safari/605.1.15"
192.168.5.218 - - [10/Mar/2026:18:27:00 +0000] "GET /blog HTTP/1.1" 200 21537 "-" "Mozilla/5.0 (X11; Linux x86_64; rv:109.0) Gecko/20100101 Firefox/115.0"
185.220.101.45 - - [10/Mar/2026:19:08:04 +0000] "GET /download?path=....//....//....//etc/passwd HTTP/1.1" 200 5167 "-" "Nikto/2.1.6"
192.168.2.227 - - [10/Mar/2026:18:50:41 +0000] "GET /assets/app.js HTTP/1.1" 200 5114 "-" "Mozilla/5.0 (Windows NT 10.0; Win64; x64) AppleWebKit/537.36 (KHTML, like Gecko) Chrome/120.0.0.0 Safari/537.36"
192.168.0.55 - - [10/Mar/2026:18:41:11 +0000] "GET /products HTTP/1.1" 200 24005 "-" "Mozilla/5.0 (Windows NT 10.0; Win64; x64) AppleWebKit/537.36 (KHTML, like Gecko) Chrome/120.0.0.0 Safari/537.36"
10.0.0.99 - - [10/Mar/2026:19:06:54 +0000] "GET /api/v1/users?id=1+AND+SLEEP%285%29-- HTTP/1.1" 500 1769 "-" "sqlmap/1.7.8#stable (https://sqlmap.org)"
192.168.5.178 - - [10/Mar/2026:18:30:45 +0000] "GET /login HTTP/1.1" 200 15659 "-" "Mozilla/5.0 (X11; Linux x86_64; rv:109.0) Gecko/20100101 Firefox/115.0"
192.168.5.218 - - [10/Mar/2026:18:35:18 +0000] "GET /blog/post-1 HTTP/1.1" 200 10523 "-" "Mozilla/5.0 (X11; Linux x86_64; rv:109.0) Gecko/20100101 Firefox/115.0"
192.168.3.119 - - [10/Mar/2026:18:59:55 +0000] "GET /api/v1/orders HTTP/1.1" 200 6568 "-" "Mozilla/5.0 (Macintosh; Intel Mac OS X 10_15_7) AppleWebKit/605.1.15 (KHTML, like Gecko) Version/17.0 Safari/605.1.15"
192.168.1.43 - - [10/Mar/2026:19:00:42 +0000] "GET /api/v1/orders HTTP/1.1" 200 8916 "-" "Mozilla/5.0 (Macintosh; Intel Mac OS X 10_15_7) AppleWebKit/605.1.15 (KHTML, like Gecko) Version/17.0 Safari/605.1.15"
192.168.2.7 - - [10/Mar/2026:18:37:07 +0000] "GET /assets/main.css HTTP/1.1" 200 15623 "-" "Mozilla/5.0 (iPhone; CPU iPhone OS 17_0 like Mac OS X) AppleWebKit/605.1.15 Mobile/15E148 Safari/604.1"
45.33.32.156 - - [10/Mar/2026:19:08:31 +0000] "GET /.git/config HTTP/1.1" 404 466 "-" "curl/7.84.0"
192.168.4.9 - - [10/Mar/2026:18:25:48 +0000] "GET /login HTTP/1.1" 200 5607 "-" "Mozilla/5.0 (iPhone; CPU iPhone OS 17_0 like Mac OS X) AppleWebKit/605.1.15 Mobile/15E148 Safari/604.1"
192.168.1.99 - - [10/Mar/2026:18:35:28 +0000] "GET /api/v1/users HTTP/1.1" 200 18912 "-" "Mozilla/5.0 (X11; Linux x86_64; rv:109.0) Gecko/20100101 Firefox/115.0"
192.168.4.38 - - [10/Mar/2026:18:41:23 +0000] "GET /login HTTP/1.1" 200 10837 "-" "Mozilla/5.0 (iPhone; CPU iPhone OS 17_0 like Mac OS X) AppleWebKit/605.1.15 Mobile/15E148 Safari/604.1"
192.168.0.241 - - [10/Mar/2026:18:44:38 +0000] "POST /about HTTP/1.1" 301 4946 "-" "Mozilla/5.0 (X11; Linux x86_64; rv:109.0) Gecko/20100101 Firefox/115.0"
172.16.254.1 - - [10/Mar/2026:19:09:51 +0000] "POST /login HTTP/1.1" 401 104 "https://target.com/login" "python-requests/2.28.0"
192.168.3.134 - - [10/Mar/2026:19:00:05 +0000] "GET /logout HTTP/1.1" 200 4762 "-" "Mozilla/5.0 (Windows NT 10.0; Win64; x64) AppleWebKit/537.36 (KHTML, like Gecko) Chrome/120.0.0.0 Safari/537.36"
192.168.2.147 - - [10/Mar/2026:18:26:28 +0000] "GET /index.html HTTP/1.1" 200 12861 "-" "Mozilla/5.0 (Macintosh; Intel Mac OS X 10_15_7) AppleWebKit/605.1.15 (KHTML, like Gecko) Version/17.0 Safari/605.1.15"
192.168.4.38 - - [10/Mar/2026:18:25:51 +0000] "GET /logout HTTP/1.1" 200 21975 "-" "Mozilla/5.0 (X11; Linux x86_64; rv:109.0) Gecko/20100101 Firefox/115.0"
192.168.0.106 - - [10/Mar/2026:19:02:30 +0000] "GET /assets/main.css HTTP/1.1" 200 4078 "-" "Mozilla/5.0 (X11; Linux x86_64; rv:109.0) Gecko/20100101 Firefox/115.0"
192.168.2.7 - - [10/Mar/2026:19:03:58 +0000] "GET /assets/main.css HTTP/1.1" 200 18388 "-" "Mozilla/5.0 (X11; Linux x86_64; rv:109.0) Gecko/20100101 Firefox/115.0"
192.168.0.177 - - [10/Mar/2026:19:01:58 +0000] "GET /assets/main.css HTTP/1.1" 200 13436 "-" "Mozilla/5.0 (Macintosh; Intel Mac OS X 10_15_7) AppleWebKit/605.1.15 (KHTML, like Gecko) Version/17.0 Safari/605.1.15"
192.168.0.177 - - [10/Mar/2026:18:27:37 +0000] "POST /api/v1/orders HTTP/1.1" 304 8487 "-" "Mozilla/5.0 (Macintosh; Intel Mac OS X 10_15_7) AppleWebKit/605.1.15 (KHTML, like Gecko) Version/17.0 Safari/605.1.15"
192.168.2.147 - - [10/Mar/2026:18:28:09 +0000] "GET /search?q=shoes HTTP/1.1" 200 12094 "-" "Mozilla/5.0 (Macintosh; Intel Mac OS X 10_15_7) AppleWebKit/605.1.15 (KHTML, like Gecko) Version/17.0 Safari/605.1.15"
192.168.3.12 - - [10/Mar/2026:18:24:09 +0000] "POST /assets/app.js HTTP/1.1" 200 15309 "-" "Mozilla/5.0 (Macintosh; Intel Mac OS X 10_15_7) AppleWebKit/605.1.15 (KHTML, like Gecko) Version/17.0 Safari/605.1.15"
192.168.0.200 - - [10/Mar/2026:18:39:11 +0000] "GET /contact HTTP/1.1" 200 24500 "-" "Mozilla/5.0 (Macintosh; Intel Mac OS X 10_15_7) AppleWebKit/605.1.15 (KHTML, like Gecko) Version/17.0 Safari/605.1.15"
192.168.2.7 - - [10/Mar/2026:19:00:33 +0000] "GET /products HTTP/1.1" 200 888 "-" "Mozilla/5.0 (Macintosh; Intel Mac OS X 10_15_7) AppleWebKit/605.1.15 (KHTML, like Gecko) Version/17.0 Safari/605.1.15"
172.16.254.1 - - [10/Mar/2026:19:09:45 +0000] "POST /login HTTP/1.1" 401 108 "https://target.com/login" "python-requests/2.28.0"
192.168.0.241 - - [10/Mar/2026:18:29:28 +0000] "POST /login HTTP/1.1" 200 12334 "-" "Mozilla/5.0 (Macintosh; Intel Mac OS X 10_15_7) AppleWebKit/605.1.15 (KHTML, like Gecko) Version/17.0 Safari/605.1.15"
198.51.100.12 - - [10/Mar/2026:19:09:20 +0000] "GET /search?q=%2527%2520OR%25201%253D1-- HTTP/1.1" 200 2367 "-" "curl/7.84.0"
192.168.2.227 - - [10/Mar/2026:18:27:32 +0000] "GET /assets/main.css HTTP/1.1" 200 13325 "-" "Mozilla/5.0 (Macintosh; Intel Mac OS X 10_15_7) AppleWebKit/605.1.15 (KHTML, like Gecko) Version/17.0 Safari/605.1.15"
192.168.0.200 - - [10/Mar/2026:18:42:12 +0000] "POST /api/v1/orders HTTP/1.1" 200 5160 "-" "Mozilla/5.0 (X11; Linux x86_64; rv:109.0) Gecko/20100101 Firefox/115.0"
45.33.32.156 - - [10/Mar/2026:19:07:16 +0000] "GET /api/v1/users?id=1+AND+SLEEP%285%29-- HTTP/1.1" 200 1985 "-" "sqlmap/1.7.8#stable (https://sqlmap.org)"
192.168.3.12 - - [10/Mar/2026:18:58:25 +0000] "GET /api/v1/users HTTP/1.1" 304 9759 "-" "Mozilla/5.0 (Macintosh; Intel Mac OS X 10_15_7) AppleWebKit/605.1.15 (KHTML, like Gecko) Version/17.0 Safari/605.1.15"
203.0.113.77 - - [10/Mar/2026:19:07:11 +0000] "GET /api/v1/users?id=1+AND+SLEEP%285%29-- HTTP/1.1" 500 858 "-" "sqlmap/1.7.8#stable (https://sqlmap.org)"
192.168.0.55 - - [10/Mar/2026:18:35:51 +0000] "POST /assets/app.js HTTP/1.1" 200 18167 "-" "Mozilla/5.0 (Macintosh; Intel Mac OS X 10_15_7) AppleWebKit/605.1.15 (KHTML, like Gecko) Version/17.0 Safari/605.1.15"
192.168.2.7 - - [10/Mar/2026:18:57:01 +0000] "GET /logout HTTP/1.1" 200 22798 "-" "Mozilla/5.0 (Macintosh; Intel Mac OS X 10_15_7) AppleWebKit/605.1.15 (KHTML, like Gecko) Version/17.0 Safari/605.1.15"
192.168.5.218 - - [10/Mar/2026:18:45:56 +0000] "GET /index.html HTTP/1.1" 200 5131 "-" "Mozilla/5.0 (iPhone; CPU iPhone OS 17_0 like Mac OS X) AppleWebKit/605.1.15 Mobile/15E148 Safari/604.1"
192.168.2.210 - - [10/Mar/2026:19:00:27 +0000] "GET /favicon.ico HTTP/1.1" 200 11345 "-" "Mozilla/5.0 (Macintosh; Intel Mac OS X 10_15_7) AppleWebKit/605.1.15 (KHTML, like Gecko) Version/17.0 Safari/605.1.15"
192.168.3.12 - - [10/Mar/2026:18:41:56 +0000] "GET /assets/main.css HTTP/1.1" 200 23022 "-" "Mozilla/5.0 (iPhone; CPU iPhone OS 17_0 like Mac OS X) AppleWebKit/605.1.15 Mobile/15E148 Safari/604.1"
192.168.0.106 - - [10/Mar/2026:19:06:09 +0000] "GET /blog HTTP/1.1" 200 10147 "-" "Mozilla/5.0 (X11; Linux x86_64; rv:109.0) Gecko/20100101 Firefox/115.0"
192.168.3.134 - - [10/Mar/2026:18:37:30 +0000] "GET /assets/main.css HTTP/1.1" 200 14777 "-" "Mozilla/5.0 (X11; Linux x86_64; rv:109.0) Gecko/20100101 Firefox/115.0"
192.168.0.177 - - [10/Mar/2026:18:37:16 +0000] "GET /login HTTP/1.1" 200 11899 "-" "Mozilla/5.0 (Windows NT 10.0; Win64; x64) AppleWebKit/537.36 (KHTML, like Gecko) Chrome/120.0.0.0 Safari/537.36"
203.0.113.77 - - [10/Mar/2026:19:07:36 +0000] "GET /search?q=%3Cscript%3Ealert%28%27XSS%27%29%3C%2Fscript%3E HTTP/1.1" 400 2596 "-" "python-requests/2.28.0"
192.168.3.119 - - [10/Mar/2026:18:28:41 +0000] "POST /blog HTTP/1.1" 200 23705 "-" "Mozilla/5.0 (Macintosh; Intel Mac OS X 10_15_7) AppleWebKit/605.1.15 (KHTML, like Gecko) Version/17.0 Safari/605.1.15"
192.168.0.106 - - [10/Mar/2026:18:48:00 +0000] "GET /contact HTTP/1.1" 301 7340 "-" "Mozilla/5.0 (iPhone; CPU iPhone OS 17_0 like Mac OS X) AppleWebKit/605.1.15 Mobile/15E148 Safari/604.1"
192.168.5.218 - - [10/Mar/2026:19:03:33 +0000] "GET /blog HTTP/1.1" 200 3402 "-" "Mozilla/5.0 (Macintosh; Intel Mac OS X 10_15_7) AppleWebKit/605.1.15 (KHTML, like Gecko) Version/17.0 Safari/605.1.15"
192.168.4.9 - - [10/Mar/2026:18:45:18 +0000] "GET /products HTTP/1.1" 200 15457 "-" "Mozilla/5.0 (X11; Linux x86_64; rv:109.0) Gecko/20100101 Firefox/115.0"
172.16.254.1 - - [10/Mar/2026:19:06:50 +0000] "GET /search?q=%27+UNION+SELECT+null%2Cusername%2Cpassword+FROM+users-- HTTP/1.1" 500 1402 "-" "sqlmap/1.7.8#stable (https://sqlmap.org)"
192.168.2.7 - - [10/Mar/2026:18:52:43 +0000] "GET /login HTTP/1.1" 200 23261 "-" "Mozilla/5.0 (iPhone; CPU iPhone OS 17_0 like Mac OS X) AppleWebKit/605.1.15 Mobile/15E148 Safari/604.1"
192.168.0.55 - - [10/Mar/2026:18:33:24 +0000] "POST /blog/post-1 HTTP/1.1" 200 16939 "-" "Mozilla/5.0 (X11; Linux x86_64; rv:109.0) Gecko/20100101 Firefox/115.0"
192.168.0.106 - - [10/Mar/2026:18:25:33 +0000] "GET /products HTTP/1.1" 200 20321 "-" "Mozilla/5.0 (Windows NT 10.0; Win64; x64) AppleWebKit/537.36 (KHTML, like Gecko) Chrome/120.0.0.0 Safari/537.36"
185.220.101.45 - - [10/Mar/2026:19:06:45 +0000] "GET /api/v1/users?id=1+AND+SLEEP%285%29-- HTTP/1.1" 200 1705 "-" "sqlmap/1.7.8#stable (https://sqlmap.org)"
192.168.3.134 - - [10/Mar/2026:18:23:44 +0000] "POST /index.html HTTP/1.1" 200 17346 "-" "Mozilla/5.0 (iPhone; CPU iPhone OS 17_0 like Mac OS X) AppleWebKit/605.1.15 Mobile/15E148 Safari/604.1"
192.168.2.227 - - [10/Mar/2026:18:56:15 +0000] "GET /contact HTTP/1.1" 200 11393 "-" "Mozilla/5.0 (iPhone; CPU iPhone OS 17_0 like Mac OS X) AppleWebKit/605.1.15 Mobile/15E148 Safari/604.1"
192.168.2.227 - - [10/Mar/2026:18:24:25 +0000] "POST /search?q=shoes HTTP/1.1" 200 11972 "-" "Mozilla/5.0 (Windows NT 10.0; Win64; x64) AppleWebKit/537.36 (KHTML, like Gecko) Chrome/120.0.0.0 Safari/537.36"
192.168.2.7 - - [10/Mar/2026:18:46:14 +0000] "GET /favicon.ico HTTP/1.1" 200 19368 "-" "Mozilla/5.0 (Macintosh; Intel Mac OS X 10_15_7) AppleWebKit/605.1.15 (KHTML, like Gecko) Version/17.0 Safari/605.1.15"
192.168.2.227 - - [10/Mar/2026:18:24:17 +0000] "GET /search?q=shoes HTTP/1.1" 200 21372 "-" "Mozilla/5.0 (X11; Linux x86_64; rv:109.0) Gecko/20100101 Firefox/115.0"
192.168.0.54 - - [10/Mar/2026:18:38:26 +0000] "GET /products HTTP/1.1" 200 22660 "-" "Mozilla/5.0 (Windows NT 10.0; Win64; x64) AppleWebKit/537.36 (KHTML, like Gecko) Chrome/120.0.0.0 Safari/537.36"
192.168.2.7 - - [10/Mar/2026:18:41:04 +0000] "GET / HTTP/1.1" 200 14852 "-" "Mozilla/5.0 (X11; Linux x86_64; rv:109.0) Gecko/20100101 Firefox/115.0"
192.168.2.7 - - [10/Mar/2026:18:49:16 +0000] "GET /about HTTP/1.1" 200 21783 "-" "Mozilla/5.0 (Macintosh; Intel Mac OS X 10_15_7) AppleWebKit/605.1.15 (KHTML, like Gecko) Version/17.0 Safari/605.1.15"
203.0.113.77 - - [10/Mar/2026:19:07:20 +0000] "GET /comment?text=%3Cimg+src%3Dx+onerror%3Dalert%281%29%3E HTTP/1.1" 200 1852 "-" "curl/7.84.0"
192.168.3.119 - - [10/Mar/2026:19:02:24 +0000] "GET /about HTTP/1.1" 200 9841 "-" "Mozilla/5.0 (iPhone; CPU iPhone OS 17_0 like Mac OS X) AppleWebKit/605.1.15 Mobile/15E148 Safari/604.1"
192.168.1.43 - - [10/Mar/2026:18:34:40 +0000] "GET /blog HTTP/1.1" 404 8041 "-" "Mozilla/5.0 (Macintosh; Intel Mac OS X 10_15_7) AppleWebKit/605.1.15 (KHTML, like Gecko) Version/17.0 Safari/605.1.15"
192.168.2.227 - - [10/Mar/2026:18:33:14 +0000] "GET /products HTTP/1.1" 200 23902 "-" "Mozilla/5.0 (X11; Linux x86_64; rv:109.0) Gecko/20100101 Firefox/115.0"
185.220.101.45 - - [10/Mar/2026:19:08:01 +0000] "GET /index.php?page=..%2F..%2F..%2Fetc%2Fshadow HTTP/1.1" 404 4827 "-" "Nikto/2.1.6"
192.168.3.134 - - [10/Mar/2026:18:42:54 +0000] "GET /blog HTTP/1.1" 200 12936 "-" "Mozilla/5.0 (Windows NT 10.0; Win64; x64) AppleWebKit/537.36 (KHTML, like Gecko) Chrome/120.0.0.0 Safari/537.36"
192.168.3.12 - - [10/Mar/2026:18:30:37 +0000] "POST / HTTP/1.1" 301 21595 "-" "Mozilla/5.0 (X11; Linux x86_64; rv:109.0) Gecko/20100101 Firefox/115.0"
192.168.0.55 - - [10/Mar/2026:18:35:24 +0000] "GET /logout HTTP/1.1" 200 20386 "-" "Mozilla/5.0 (iPhone; CPU iPhone OS 17_0 like Mac OS X) AppleWebKit/605.1.15 Mobile/15E148 Safari/604.1"
192.168.5.178 - - [10/Mar/2026:18:34:49 +0000] "GET / HTTP/1.1" 200 16963 "-" "Mozilla/5.0 (X11; Linux x86_64; rv:109.0) Gecko/20100101 Firefox/115.0"
192.168.3.119 - - [10/Mar/2026:18:25:41 +0000] "GET /blog HTTP/1.1" 200 2113 "-" "Mozilla/5.0 (iPhone; CPU iPhone OS 17_0 like Mac OS X) AppleWebKit/605.1.15 Mobile/15E148 Safari/604.1"
192.168.0.54 - - [10/Mar/2026:18:44:06 +0000] "GET /favicon.ico HTTP/1.1" 200 21518 "-" "Mozilla/5.0 (iPhone; CPU iPhone OS 17_0 like Mac OS X) AppleWebKit/605.1.15 Mobile/15E148 Safari/604.1"
192.168.4.38 - - [10/Mar/2026:18:59:52 +0000] "GET /assets/app.js HTTP/1.1" 200 18033 "-" "Mozilla/5.0 (Macintosh; Intel Mac OS X 10_15_7) AppleWebKit/605.1.15 (KHTML, like Gecko) Version/17.0 Safari/605.1.15"
192.168.5.218 - - [10/Mar/2026:18:23:18 +0000] "GET /about HTTP/1.1" 200 15198 "-" "Mozilla/5.0 (Windows NT 10.0; Win64; x64) AppleWebKit/537.36 (KHTML, like Gecko) Chrome/120.0.0.0 Safari/537.36"
185.220.101.45 - - [10/Mar/2026:19:07:54 +0000] "GET /view?doc=php://filter/convert.base64-encode/resource=index.php HTTP/1.1" 404 495 "-" "Nikto/2.1.6"
192.168.1.43 - - [10/Mar/2026:18:31:25 +0000] "GET /api/v1/users HTTP/1.1" 301 23494 "-" "Mozilla/5.0 (iPhone; CPU iPhone OS 17_0 like Mac OS X) AppleWebKit/605.1.15 Mobile/15E148 Safari/604.1"
192.168.2.7 - - [10/Mar/2026:18:26:53 +0000] "GET /index.html HTTP/1.1" 200 18161 "-" "Mozilla/5.0 (iPhone; CPU iPhone OS 17_0 like Mac OS X) AppleWebKit/605.1.15 Mobile/15E148 Safari/604.1"
192.168.0.54 - - [10/Mar/2026:18:25:21 +0000] "GET /contact HTTP/1.1" 200 3076 "-" "Mozilla/5.0 (Windows NT 10.0; Win64; x64) AppleWebKit/537.36 (KHTML, like Gecko) Chrome/120.0.0.0 Safari/537.36"
192.168.0.177 - - [10/Mar/2026:18:45:24 +0000] "GET /about HTTP/1.1" 200 12562 "-" "Mozilla/5.0 (Macintosh; Intel Mac OS X 10_15_7) AppleWebKit/605.1.15 (KHTML, like Gecko) Version/17.0 Safari/605.1.15"
172.16.254.1 - - [10/Mar/2026:19:09:40 +0000] "POST /login HTTP/1.1" 401 100 "https://target.com/login" "python-requests/2.28.0"
192.168.2.7 - - [10/Mar/2026:19:01:24 +0000] "POST / HTTP/1.1" 301 18032 "-" "Mozilla/5.0 (X11; Linux x86_64; rv:109.0) Gecko/20100101 Firefox/115.0"
192.168.1.99 - - [10/Mar/2026:19:06:05 +0000] "GET /assets/main.css HTTP/1.1" 200 22759 "-" "Mozilla/5.0 (Windows NT 10.0; Win64; x64) AppleWebKit/537.36 (KHTML, like Gecko) Chrome/120.0.0.0 Safari/537.36"
192.168.0.106 - - [10/Mar/2026:18:40:13 +0000] "GET /logout HTTP/1.1" 200 3163 "-" "Mozilla/5.0 (Windows NT 10.0; Win64; x64) AppleWebKit/537.36 (KHTML, like Gecko) Chrome/120.0.0.0 Safari/537.36"
192.168.1.99 - - [10/Mar/2026:18:34:32 +0000] "GET /assets/main.css HTTP/1.1" 200 19225 "-" "Mozilla/5.0 (Windows NT 10.0; Win64; x64) AppleWebKit/537.36 (KHTML, like Gecko) Chrome/120.0.0.0 Safari/537.36"
192.168.0.54 - - [10/Mar/2026:18:46:04 +0000] "GET /logout HTTP/1.1" 200 14204 "-" "Mozilla/5.0 (Windows NT 10.0; Win64; x64) AppleWebKit/537.36 (KHTML, like Gecko) Chrome/120.0.0.0 Safari/537.36"
192.168.0.106 - - [10/Mar/2026:19:02:57 +0000] "GET /about HTTP/1.1" 304 4435 "-" "Mozilla/5.0 (iPhone; CPU iPhone OS 17_0 like Mac OS X) AppleWebKit/605.1.15 Mobile/15E148 Safari/604.1"
192.168.3.134 - - [10/Mar/2026:18:49:36 +0000] "GET / HTTP/1.1" 200 2905 "-" "Mozilla/5.0 (X11; Linux x86_64; rv:109.0) Gecko/20100101 Firefox/115.0"
192.168.5.218 - - [10/Mar/2026:19:04:23 +0000] "GET /assets/app.js HTTP/1.1" 200 21002 "-" "Mozilla/5.0 (iPhone; CPU iPhone OS 17_0 like Mac OS X) AppleWebKit/605.1.15 Mobile/15E148 Safari/604.1"
192.168.2.7 - - [10/Mar/2026:19:05:13 +0000] "GET /index.html HTTP/1.1" 200 17792 "-" "Mozilla/5.0 (Windows NT 10.0; Win64; x64) AppleWebKit/537.36 (KHTML, like Gecko) Chrome/120.0.0.0 Safari/537.36"
192.168.5.178 - - [10/Mar/2026:18:49:21 +0000] "GET /contact HTTP/1.1" 200 8096 "-" "Mozilla/5.0 (Windows NT 10.0; Win64; x64) AppleWebKit/537.36 (KHTML, like Gecko) Chrome/120.0.0.0 Safari/537.36"
10.0.0.99 - - [10/Mar/2026:19:06:56 +0000] "GET /login?username=%27+OR+%271%27%3D%271&password=test HTTP/1.1" 500 507 "-" "sqlmap/1.7.8#stable (https://sqlmap.org)"
185.220.101.45 - - [10/Mar/2026:19:08:08 +0000] "GET /index.php?page=..%2F..%2F..%2Fetc%2Fshadow HTTP/1.1" 200 5125 "-" "Nikto/2.1.6"
45.33.32.156 - - [10/Mar/2026:19:09:00 +0000] "GET /.env HTTP/1.1" 404 282 "-" "curl/7.84.0"
192.168.5.178 - - [10/Mar/2026:18:28:22 +0000] "POST /about HTTP/1.1" 200 23982 "-" "Mozilla/5.0 (iPhone; CPU iPhone OS 17_0 like Mac OS X) AppleWebKit/605.1.15 Mobile/15E148 Safari/604.1"
192.168.0.241 - - [10/Mar/2026:18:41:49 +0000] "POST /assets/main.css HTTP/1.1" 200 13319 "-" "Mozilla/5.0 (Windows NT 10.0; Win64; x64) AppleWebKit/537.36 (KHTML, like Gecko) Chrome/120.0.0.0 Safari/537.36"
192.168.0.177 - - [10/Mar/2026:18:55:52 +0000] "POST /logout HTTP/1.1" 200 14868 "-" "Mozilla/5.0 (iPhone; CPU iPhone OS 17_0 like Mac OS X) AppleWebKit/605.1.15 Mobile/15E148 Safari/604.1"
172.16.254.1 - - [10/Mar/2026:19:09:51 +0000] "POST /login HTTP/1.1" 401 242 "https://target.com/login" "python-requests/2.28.0"
192.168.0.55 - - [10/Mar/2026:19:01:31 +0000] "GET /blog/post-1 HTTP/1.1" 200 14476 "-" "Mozilla/5.0 (X11; Linux x86_64; rv:109.0) Gecko/20100101 Firefox/115.0"
192.168.3.134 - - [10/Mar/2026:18:33:54 +0000] "GET /assets/main.css HTTP/1.1" 200 6110 "-" "Mozilla/5.0 (Macintosh; Intel Mac OS X 10_15_7) AppleWebKit/605.1.15 (KHTML, like Gecko) Version/17.0 Safari/605.1.15"
192.168.5.178 - - [10/Mar/2026:18:47:54 +0000] "POST /assets/main.css HTTP/1.1" 200 3270 "-" "Mozilla/5.0 (iPhone; CPU iPhone OS 17_0 like Mac OS X) AppleWebKit/605.1.15 Mobile/15E148 Safari/604.1"
192.168.3.119 - - [10/Mar/2026:18:52:08 +0000] "GET /contact HTTP/1.1" 200 15827 "-" "Mozilla/5.0 (Macintosh; Intel Mac OS X 10_15_7) AppleWebKit/605.1.15 (KHTML, like Gecko) Version/17.0 Safari/605.1.15"
192.168.1.43 - - [10/Mar/2026:18:46:25 +0000] "GET / HTTP/1.1" 200 5143 "-" "Mozilla/5.0 (Windows NT 10.0; Win64; x64) AppleWebKit/537.36 (KHTML, like Gecko) Chrome/120.0.0.0 Safari/537.36"
192.168.1.99 - - [10/Mar/2026:18:24:38 +0000] "POST /index.html HTTP/1.1" 200 5441 "-" "Mozilla/5.0 (Windows NT 10.0; Win64; x64) AppleWebKit/537.36 (KHTML, like Gecko) Chrome/120.0.0.0 Safari/537.36"
192.168.1.99 - - [10/Mar/2026:18:28:47 +0000] "GET /search?q=shoes HTTP/1.1" 200 8760 "-" "Mozilla/5.0 (Windows NT 10.0; Win64; x64) AppleWebKit/537.36 (KHTML, like Gecko) Chrome/120.0.0.0 Safari/537.36"
192.168.2.7 - - [10/Mar/2026:18:51:45 +0000] "GET /assets/app.js HTTP/1.1" 200 7654 "-" "Mozilla/5.0 (Windows NT 10.0; Win64; x64) AppleWebKit/537.36 (KHTML, like Gecko) Chrome/120.0.0.0 Safari/537.36"
192.168.0.106 - - [10/Mar/2026:19:05:04 +0000] "GET /contact HTTP/1.1" 200 1489 "-" "Mozilla/5.0 (iPhone; CPU iPhone OS 17_0 like Mac OS X) AppleWebKit/605.1.15 Mobile/15E148 Safari/604.1"
192.168.0.55 - - [10/Mar/2026:18:57:44 +0000] "POST /contact HTTP/1.1" 200 23907 "-" "Mozilla/5.0 (X11; Linux x86_64; rv:109.0) Gecko/20100101 Firefox/115.0"
192.168.5.218 - - [10/Mar/2026:18:34:15 +0000] "POST /products HTTP/1.1" 200 2588 "-" "Mozilla/5.0 (Windows NT 10.0; Win64; x64) AppleWebKit/537.36 (KHTML, like Gecko) Chrome/120.0.0.0 Safari/537.36"
192.168.5.218 - - [10/Mar/2026:18:29:08 +0000] "POST /blog HTTP/1.1" 200 23201 "-" "Mozilla/5.0 (iPhone; CPU iPhone OS 17_0 like Mac OS X) AppleWebKit/605.1.15 Mobile/15E148 Safari/604.1"
192.168.0.54 - - [10/Mar/2026:18:34:52 +0000] "GET /products HTTP/1.1" 304 24374 "-" "Mozilla/5.0 (Windows NT 10.0; Win64; x64) AppleWebKit/537.36 (KHTML, like Gecko) Chrome/120.0.0.0 Safari/537.36"
192.168.0.241 - - [10/Mar/2026:18:47:30 +0000] "GET /api/v1/orders HTTP/1.1" 200 3067 "-" "Mozilla/5.0 (iPhone; CPU iPhone OS 17_0 like Mac OS X) AppleWebKit/605.1.15 Mobile/15E148 Safari/604.1"
192.168.1.43 - - [10/Mar/2026:18:32:41 +0000] "POST /index.html HTTP/1.1" 200 17163 "-" "Mozilla/5.0 (Macintosh; Intel Mac OS X 10_15_7) AppleWebKit/605.1.15 (KHTML, like Gecko) Version/17.0 Safari/605.1.15"
192.168.0.200 - - [10/Mar/2026:18:44:58 +0000] "POST /about HTTP/1.1" 200 13095 "-" "Mozilla/5.0 (Windows NT 10.0; Win64; x64) AppleWebKit/537.36 (KHTML, like Gecko) Chrome/120.0.0.0 Safari/537.36"
192.168.0.177 - - [10/Mar/2026:18:43:46 +0000] "POST /favicon.ico HTTP/1.1" 301 10787 "-" "Mozilla/5.0 (Macintosh; Intel Mac OS X 10_15_7) AppleWebKit/605.1.15 (KHTML, like Gecko) Version/17.0 Safari/605.1.15"
192.168.2.227 - - [10/Mar/2026:18:50:52 +0000] "GET /contact HTTP/1.1" 200 10245 "-" "Mozilla/5.0 (X11; Linux x86_64; rv:109.0) Gecko/20100101 Firefox/115.0"
192.168.5.218 - - [10/Mar/2026:19:05:51 +0000] "GET /login HTTP/1.1" 200 3355 "-" "Mozilla/5.0 (Windows NT 10.0; Win64; x64) AppleWebKit/537.36 (KHTML, like Gecko) Chrome/120.0.0.0 Safari/537.36"
172.16.254.1 - - [10/Mar/2026:19:07:31 +0000] "GET /comment?text=%3Cimg+src%3Dx+onerror%3Dalert%281%29%3E HTTP/1.1" 200 1413 "-" "Burp Suite Professional v2023.10"
192.168.0.55 - - [10/Mar/2026:18:48:51 +0000] "GET /search?q=shoes HTTP/1.1" 301 6680 "-" "Mozilla/5.0 (iPhone; CPU iPhone OS 17_0 like Mac OS X) AppleWebKit/605.1.15 Mobile/15E148 Safari/604.1"
192.168.0.106 - - [10/Mar/2026:19:04:11 +0000] "GET /products HTTP/1.1" 200 8816 "-" "Mozilla/5.0 (X11; Linux x86_64; rv:109.0) Gecko/20100101 Firefox/115.0"
45.33.32.156 - - [10/Mar/2026:19:08:50 +0000] "GET /web.config HTTP/1.1" 404 151 "-" "curl/7.84.0"
192.168.0.54 - - [10/Mar/2026:18:28:49 +0000] "POST /about HTTP/1.1" 200 1821 "-" "Mozilla/5.0 (X11; Linux x86_64; rv:109.0) Gecko/20100101 Firefox/115.0"
192.168.0.55 - - [10/Mar/2026:18:58:58 +0000] "GET /about HTTP/1.1" 200 13451 "-" "Mozilla/5.0 (Windows NT 10.0; Win64; x64) AppleWebKit/537.36 (KHTML, like Gecko) Chrome/120.0.0.0 Safari/537.36"
192.168.4.9 - - [10/Mar/2026:18:33:01 +0000] "GET /favicon.ico HTTP/1.1" 200 15485 "-" "Mozilla/5.0 (Windows NT 10.0; Win64; x64) AppleWebKit/537.36 (KHTML, like Gecko) Chrome/120.0.0.0 Safari/537.36"
185.220.101.45 - - [10/Mar/2026:19:07:06 +0000] "GET /search?q=%27+UNION+SELECT+null%2Cusername%2Cpassword+FROM+users-- HTTP/1.1" 200 1839 "-" "sqlmap/1.7.8#stable (https://sqlmap.org)"
192.168.1.99 - - [10/Mar/2026:18:59:10 +0000] "POST /assets/app.js HTTP/1.1" 200 14662 "-" "Mozilla/5.0 (Macintosh; Intel Mac OS X 10_15_7) AppleWebKit/605.1.15 (KHTML, like Gecko) Version/17.0 Safari/605.1.15"
192.168.5.218 - - [10/Mar/2026:18:30:27 +0000] "GET /assets/app.js HTTP/1.1" 200 21011 "-" "Mozilla/5.0 (Windows NT 10.0; Win64; x64) AppleWebKit/537.36 (KHTML, like Gecko) Chrome/120.0.0.0 Safari/537.36"
192.168.2.7 - - [10/Mar/2026:18:51:13 +0000] "POST /favicon.ico HTTP/1.1" 200 15766 "-" "Mozilla/5.0 (Macintosh; Intel Mac OS X 10_15_7) AppleWebKit/605.1.15 (KHTML, like Gecko) Version/17.0 Safari/605.1.15"
192.168.0.55 - - [10/Mar/2026:19:04:56 +0000] "POST /blog/post-1 HTTP/1.1" 200 10214 "-" "Mozilla/5.0 (X11; Linux x86_64; rv:109.0) Gecko/20100101 Firefox/115.0"
172.16.254.1 - - [10/Mar/2026:19:09:42 +0000] "POST /login HTTP/1.1" 401 206 "https://target.com/login" "python-requests/2.28.0"
45.33.32.156 - - [10/Mar/2026:19:08:56 +0000] "GET /.htaccess HTTP/1.1" 403 380 "-" "curl/7.84.0"
172.16.254.1 - - [10/Mar/2026:19:09:49 +0000] "POST /login HTTP/1.1" 401 245 "https://target.com/login" "python-requests/2.28.0"
192.168.3.119 - - [10/Mar/2026:18:47:50 +0000] "GET /contact HTTP/1.1" 200 18938 "-" "Mozilla/5.0 (X11; Linux x86_64; rv:109.0) Gecko/20100101 Firefox/115.0"
192.168.2.227 - - [10/Mar/2026:18:43:37 +0000] "GET /products HTTP/1.1" 200 3601 "-" "Mozilla/5.0 (Windows NT 10.0; Win64; x64) AppleWebKit/537.36 (KHTML, like Gecko) Chrome/120.0.0.0 Safari/537.36"
192.168.1.43 - - [10/Mar/2026:18:58:01 +0000] "GET /about HTTP/1.1" 200 18034 "-" "Mozilla/5.0 (iPhone; CPU iPhone OS 17_0 like Mac OS X) AppleWebKit/605.1.15 Mobile/15E148 Safari/604.1"
192.168.2.210 - - [10/Mar/2026:18:27:46 +0000] "GET /api/v1/orders HTTP/1.1" 200 1954 "-" "Mozilla/5.0 (Windows NT 10.0; Win64; x64) AppleWebKit/537.36 (KHTML, like Gecko) Chrome/120.0.0.0 Safari/537.36"
185.220.101.45 - - [10/Mar/2026:19:07:46 +0000] "GET /view?doc=php://filter/convert.base64-encode/resource=index.php HTTP/1.1" 404 2263 "-" "Nikto/2.1.6"
192.168.0.177 - - [10/Mar/2026:19:05:34 +0000] "GET /favicon.ico HTTP/1.1" 200 21777 "-" "Mozilla/5.0 (iPhone; CPU iPhone OS 17_0 like Mac OS X) AppleWebKit/605.1.15 Mobile/15E148 Safari/604.1"
192.168.3.134 - - [10/Mar/2026:18:27:13 +0000] "GET /login HTTP/1.1" 200 21419 "-" "Mozilla/5.0 (iPhone; CPU iPhone OS 17_0 like Mac OS X) AppleWebKit/605.1.15 Mobile/15E148 Safari/604.1"
192.168.0.177 - - [10/Mar/2026:18:34:24 +0000] "GET /logout HTTP/1.1" 200 10191 "-" "Mozilla/5.0 (X11; Linux x86_64; rv:109.0) Gecko/20100101 Firefox/115.0"
192.168.5.218 - - [10/Mar/2026:18:55:30 +0000] "GET /favicon.ico HTTP/1.1" 200 15018 "-" "Mozilla/5.0 (iPhone; CPU iPhone OS 17_0 like Mac OS X) AppleWebKit/605.1.15 Mobile/15E148 Safari/604.1"
192.168.5.218 - - [10/Mar/2026:18:51:06 +0000] "GET /contact HTTP/1.1" 200 16008 "-" "Mozilla/5.0 (Windows NT 10.0; Win64; x64) AppleWebKit/537.36 (KHTML, like Gecko) Chrome/120.0.0.0 Safari/537.36"
192.168.0.55 - - [10/Mar/2026:18:51:49 +0000] "POST /favicon.ico HTTP/1.1" 200 23329 "-" "Mozilla/5.0 (Windows NT 10.0; Win64; x64) AppleWebKit/537.36 (KHTML, like Gecko) Chrome/120.0.0.0 Safari/537.36"
192.168.0.86 - - [10/Mar/2026:19:00:14 +0000] "POST /api/v1/users HTTP/1.1" 200 15890 "-" "Mozilla/5.0 (Macintosh; Intel Mac OS X 10_15_7) AppleWebKit/605.1.15 (KHTML, like Gecko) Version/17.0 Safari/605.1.15"
192.168.5.178 - - [10/Mar/2026:18:28:02 +0000] "GET /api/v1/orders HTTP/1.1" 304 23445 "-" "Mozilla/5.0 (iPhone; CPU iPhone OS 17_0 like Mac OS X) AppleWebKit/605.1.15 Mobile/15E148 Safari/604.1"
192.168.0.86 - - [10/Mar/2026:18:24:22 +0000] "GET /logout HTTP/1.1" 200 9764 "-" "Mozilla/5.0 (iPhone; CPU iPhone OS 17_0 like Mac OS X) AppleWebKit/605.1.15 Mobile/15E148 Safari/604.1"
192.168.0.54 - - [10/Mar/2026:18:57:17 +0000] "GET /api/v1/orders HTTP/1.1" 200 19747 "-" "Mozilla/5.0 (Macintosh; Intel Mac OS X 10_15_7) AppleWebKit/605.1.15 (KHTML, like Gecko) Version/17.0 Safari/605.1.15"
