192.168.2.7 - - [10/Mar/2026:19:01:55 +0000] "GET /products HTTP/1.1" 200 9893 "-" "Mozilla/5.0 (X11; Linux x86_64; rv:109.0) Gecko/20100101 Firefox/115.0"
192.168.4.9 - - [10/Mar/2026:18:32:52 +0000] "POST /blog/post-1 HTTP/1.1" 200 4364 "-" "Mozilla/5.0 (iPhone; CPU iPhone OS 17_0 like Mac OS X) AppleWebKit/605.1.15 Mobile/15E148 Safari/604.1"
192.168.0.86 - - [10/Mar/2026:18:26:22 +0000] "GET /login HTTP/1.1" 200 21334 "-" "Mozilla/5.0 (Windows NT 10.0; Win64; x64) AppleWebKit/537.36 (KHTML, like Gecko) Chrome/120.0.0.0 Safari/537.36"
192.168.2.7 - - [10/Mar/2026:18:55:27 +0000] "POST /favicon.ico HTTP/1.1" 200 7275 "-" "Mozilla/5.0 (Macintosh; Intel Mac OS X 10_15_7) AppleWebKit/605.1.15 (KHTML, like Gecko) Version/17.0 Safari/605.1.15"
192.168.0.177 - - [10/Mar/2026:18:50:49 +0000] "GET /assets/main.css HTTP/1.1" 200 8888 "-" "Mozilla/5.0 (Windows NT 10.0; Win64; x64) AppleWebKit/537.36 (KHTML, like Gecko) Chrome/120.0.0.0 Safari/537.36"
192.168.5.218 - - [10/Mar/2026:18:38:03 +0000] "POST /favicon.ico HTTP/1.1" 200 13469 "-" "Mozilla/5.0 (Macintosh; Intel Mac OS X 10_15_7) AppleWebKit/605.1.15 (KHTML, like Gecko) Version/17.0 Safari/605.1.15"
192.168.1.43 - - [10/Mar/2026:18:44:23 +0000] "GET /logout HTTP/1.1" 304 10363 "-" "Mozilla/5.0 (Macintosh; Intel Mac OS X 10_15_7) AppleWebKit/605.1.15 (KHTML, like Gecko) Version/17.0 Safari/605.1.15"
192.168.0.86 - - [10/Mar/2026:18:26:05 +0000] "GET /search?q=shoes HTTP/1.1" 200 1557 "-" "Mozilla/5.0 (iPhone; CPU iPhone OS 17_0 like Mac OS X) AppleWebKit/605.1.15 Mobile/15E148 Safari/604.1"
192.168.0.177 - - [10/Mar/2026:18:29:34 +0000] "GET /search?q=shoes HTTP/1.1" 200 2302 "-" "Mozilla/5.0 (X11; Linux x86_64; rv:109.0) Gecko/20100101 Firefox/115.0"
192.168.2.210 - - [10/Mar/2026:18:25:07 +0000] "GET /index.html HTTP/1.1" 304 5841 "-" "Mozilla/5.0 (Windows NT 10.0; Win64; x64) AppleWebKit/537.36 (KHTML, like Gecko) Chrome/120.0.0.0 Safari/537.36"
192.168.0.86 - - [10/Mar/2026:18:44:45 +0000] "POST /favicon.ico HTTP/1.1" 200 21954 "-" "Mozilla/5.0 (Macintosh; Intel Mac OS X 10_15_7) AppleWebKit/605.1.15 (KHTML, like Gecko) Version/17.0 Safari/605.1.15"
192.168.0.54 - - [10/Mar/2026:18:57:11 +0000] "GET /api/v1/users HTTP/1.1" 200 15241 "-" "Mozilla/5.0 (Windows NT 10.0; Win64; x64) AppleWebKit/537.36 (KHTML, like Gecko) Chrome/120.0.0.0 Safari/537.36"
192.168.3.119 - - [10/Mar/2026:18:49:07 +0000] "GET /about HTTP/1.1" 200 11972 "-" "Mozilla/5.0 (Macintosh; Intel Mac OS X 10_15_7) AppleWebKit/605.1.15 (KHTML, like Gecko) Version/17.0 Safari/605.1.15"
192.168.0.54 - - [10/Mar/2026:18:53:14 +0000] "GET /search?q=shoes HTTP/1.1" 200 23955 "-" "Mozilla/5.0 (Macintosh; Intel Mac OS X 10_15_7) AppleWebKit/605.1.15 (KHTML, like Gecko) Version/17.0 Safari/605.1.15"
192.168.3.119 - - [10/Mar/2026:18:25:06 +0000] "GET / HTTP/1.1" 200 4533 "-" "Mozilla/5.0 (Windows NT 10.0; Win64; x64) AppleWebKit/537.36 (KHTML, like Gecko) Chrome/120.0.0.0 Safari/537.36"
192.168.4.38 - - [10/Mar/2026:19:06:28 +0000] "GET /logout HTTP/1.1" 301 10333 "-" "Mozilla/5.0 (iPhone; CPU iPhone OS 17_0 like Mac OS X) AppleWebKit/605.1.15 Mobile/15E148 Safari/604.1"
192.168.0.54 - - [10/Mar/2026:18:23:04 +0000] "GET /blog HTTP/1.1" 200 2546 "-" "Mozilla/5.0 (Windows NT 10.0; Win64; x64) AppleWebKit/537.36 (KHTML, like Gecko) Chrome/120.0.0.0 Safari/537.36"
192.168.0.54 - - [10/Mar/2026:18:35:07 +0000] "GET /products HTTP/1.1" 200 11891 "-" "Mozilla/5.0 (X11; Linux x86_64; rv:109.0) Gecko/20100101 Firefox/115.0"
192.168.2.210 - - [10/Mar/2026:18:36:57 +0000] "GET /login HTTP/1.1" 200 13580 "-" "Mozilla/5.0 (iPhone; CPU iPhone OS 17_0 like Mac OS X) AppleWebKit/605.1.15 Mobile/15E148 Safari/604.1"
45.33.32.156 - - [10/Mar/2026:19:09:02 +0000] "GET /admin/ HTTP/1.1" 401 300 "-" "curl/7.84.0"
192.168.0.200 - - [10/Mar/2026:19:05:59 +0000] "GET /favicon.ico HTTP/1.1" 200 21267 "-" "Mozilla/5.0 (Windows NT 10.0; Win64; x64) AppleWebKit/537.36 (KHTML, like Gecko) Chrome/120.0.0.0 Safari/537.36"
192.168.5.218 - - [10/Mar/2026:18:52:26 +0000] "POST /search?q=shoes HTTP/1.1" 200 14401 "-" "Mozilla/5.0 (Macintosh; Intel Mac OS X 10_15_7) AppleWebKit/605.1.15 (KHTML, like Gecko) Version/17.0 Safari/605.1.15"
192.168.3.12 - - [10/Mar/2026:18:40:08 +0000] "GET /blog/post-1 HTTP/1.1" 200 14053 "-" "Mozilla/5.0 (Macintosh; Intel Mac OS X 10_15_7) AppleWebKit/605.1.15 (KHTML, like Gecko) Version/17.0 Safari/605.1.15"
172.16.254.1 - - [10/Mar/2026:19:09:47 +0000] "POST /login HTTP/1.1" 401 140 "https://target.com/login" "python-requests/2.28.0"
192.168.2.210 - - [10/Mar/2026:18:28:46 +0000] "GET /logout HTTP/1.1" 200 17877 "-" "Mozilla/5.0 (Windows NT 10.0; Win64; x64) AppleWebKit/537.36 (KHTML, like Gecko) Chrome/120.0.0.0 Safari/537.36"
192.168.2.227 - - [10/Mar/2026:18:22:19 +0000] "GET /assets/main.css HTTP/1.1" 200 20481 "-" "Mozilla/5.0 (iPhone; CPU iPhone OS 17_0 like Mac OS X) AppleWebKit/605.1.15 Mobile/15E148 Safari/604.1"
192.168.0.55 - - [10/Mar/2026:18:38:53 +0000] "GET /products HTTP/1.1" 301 14507 "-" "Mozilla/5.0 (Macintosh; Intel Mac OS X 10_15_7) AppleWebKit/605.1.15 (KHTML, like Gecko) Version/17.0 Safari/605.1.15"
192.168.0.177 - - [10/Mar/2026:18:23:33 +0000] "GET /about HTTP/1.1" 200 2897 "-" "Mozilla/5.0 (iPhone; CPU iPhone OS 17_0 like Mac OS X) AppleWebKit/605.1.15 Mobile/15E148 Safari/604.1"
192.168.3.134 - - [10/Mar/2026:18:50:04 +0000] "GET /search?q=shoes HTTP/1.1" 200 8899 "-" "Mozilla/5.0 (Macintosh; Intel Mac OS X 10_15_7) AppleWebKit/605.1.15 (KHTML, like Gecko) Version/17.0 Safari/605.1.15"
192.168.0.241 - - [10/Mar/2026:18:54:27 +0000] "GET /logout HTTP/1.1" 200 4838 "-" "Mozilla/5.0 (iPhone; CPU iPhone OS 17_0 like Mac OS X) AppleWebKit/605.1.15 Mobile/15E148 Safari/604.1"
192.168.0.54 - - [10/Mar/2026:18:41:57 +0000] "GET /assets/main.css HTTP/1.1" 200 21859 "-" "Mozilla/5.0 (iPhone; CPU iPhone OS 17_0 like Mac OS X) AppleWebKit/605.1.15 Mobile/15E148 Safari/604.1"
192.168.0.86 - - [10/Mar/2026:19:01:52 +0000] "GET /search?q=shoes HTTP/1.1" 200 12874 "-" "Mozilla/5.0 (X11; Linux x86_64; rv:109.0) Gecko/20100101 Firefox/115.0"
192.168.0.200 - - [10/Mar/2026:18:28:59 +0000] "POST /favicon.ico HTTP/1.1" 200 18598 "-" "Mozilla/5.0 (Windows NT 10.0; Win64; x64) AppleWebKit/537.36 (KHTML, like Gecko) Chrome/120.0.0.0 Safari/537.36"
192.168.0.106 - - [10/Mar/2026:18:52:00 +0000] "GET /api/v1/users HTTP/1.1" 304 8322 "-" "Mozilla/5.0 (X11; Linux x86_64; rv:109.0) Gecko/20100101 Firefox/115.0"
192.168.0.86 - - [10/Mar/2026:18:59:18 +0000] "GET /contact HTTP/1.1" 200 10221 "-" "Mozilla/5.0 (Windows NT 10.0; Win64; x64) AppleWebKit/537.36 (KHTML, like Gecko) Chrome/120.0.0.0 Safari/537.36"
192.168.0.106 - - [10/Mar/2026:18:41:35 +0000] "POST /contact HTTP/1.1" 200 7239 "-" "Mozilla/5.0 (iPhone; CPU iPhone OS 17_0 like Mac OS X) AppleWebKit/605.1.15 Mobile/15E148 Safari/604.1"
192.168.5.218 - - [10/Mar/2026:18:55:08 +0000] "GET /api/v1/users HTTP/1.1" 200 19549 "-" "Mozilla/5.0 (iPhone; CPU iPhone OS 17_0 like Mac OS X) AppleWebKit/605.1.15 Mobile/15E148 Safari/604.1"
172.16.254.1 - - [10/Mar/2026:19:09:40 +0000] "POST /login HTTP/1.1" 401 117 "https://target.com/login" "python-requests/2.28.0"
45.33.32.156 - - [10/Mar/2026:19:08:36 +0000] "GET /backup.zip HTTP/1.1" 404 188 "-" "curl/7.84.0"
192.168.2.210 - - [10/Mar/2026:18:59:15 +0000] "GET /contact HTTP/1.1" 200 22984 "-" "Mozilla/5.0 (Macintosh; Intel Mac OS X 10_15_7) AppleWebKit/605.1.15 (KHTML, like Gecko) Version/17.0 Safari/605.1.15"
45.33.32.156 - - [10/Mar/2026:19:09:07 +0000] "GET /web.config HTTP/1.1" 403 207 "-" "curl/7.84.0"
192.168.4.9 - - [10/Mar/2026:18:26:51 +0000] "POST /blog/post-1 HTTP/1.1" 304 17551 "-" "Mozilla/5.0 (Windows NT 10.0; Win64; x64) AppleWebKit/537.36 (KHTML, like Gecko) Chrome/120.0.0.0 Safari/537.36"
172.16.254.1 - - [10/Mar/2026:19:09:49 +0000] "POST /login HTTP/1.1" 401 279 "https://target.com/login" "python-requests/2.28.0"
192.168.0.55 - - [10/Mar/2026:18:56:53 +0000] "POST /login HTTP/1.1" 200 23408 "-" "Mozilla/5.0 (X11; Linux x86_64; rv:109.0) Gecko/20100101 Firefox/115.0"
192.168.1.43 - - [10/Mar/2026:18:57:37 +0000] "POST /contact HTTP/1.1" 200 16209 "-" "Mozilla/5.0 (Windows NT 10.0; Win64; x64) AppleWebKit/537.36 (KHTML, like Gecko) Chrome/120.0.0.0 Safari/537.36"
192.168.3.12 - - [10/Mar/2026:18:54:54 +0000] "GET /assets/main.css HTTP/1.1" 200 15099 "-" "Mozilla/5.0 (iPhone; CPU iPhone OS 17_0 like Mac OS X) AppleWebKit/605.1.15 Mobile/15E148 Safari/604.1"
192.168.0.54 - - [10/Mar/2026:18:42:21 +0000] "GET / HTTP/1.1" 200 17434 "-" "Mozilla/5.0 (iPhone; CPU iPhone OS 17_0 like Mac OS X) AppleWebKit/605.1.15 Mobile/15E148 Safari/604.1"
192.168.0.55 - - [10/Mar/2026:18:58:34 +0000] "POST /blog/post-1 HTTP/1.1" 200 21098 "-" "Mozilla/5.0 (X11; Linux x86_64; rv:109.0) Gecko/20100101 Firefox/115.0"
172.16.254.1 - - [10/Mar/2026:19:09:48 +0000] "POST /login HTTP/1.1" 401 221 "https://target.com/login" "python-requests/2.28.0"
192.168.2.210 - - [10/Mar/2026:18:43:55 +0000] "GET /blog/post-1 HTTP/1.1" 200 16912 "-" "Mozilla/5.0 (X11; Linux x86_64; rv:109.0) Gecko/20100101 Firefox/115.0"
192.168.4.38 - - [10/Mar/2026:18:36:52 +0000] "POST /login HTTP/1.1" 404 3265 "-" "Mozilla/5.0 (Macintosh; Intel Mac OS X 10_15_7) AppleWebKit/605.1.15 (KHTML, like Gecko) Version/17.0 Safari/605.1.15"
172.16.254.1 - - [10/Mar/2026:19:09:47 +0000] "POST /login HTTP/1.1" 401 228 "https://target.com/login" "python-requests/2.28.0"
192.168.0.55 - - [10/Mar/2026:19:01:16 +0000] "GET /assets/app.js HTTP/1.1" 200 5483 "-" "Mozilla/5.0 (X11; Linux x86_64; rv:109.0) Gecko/20100101 Firefox/115.0"
192.168.1.99 - - [10/Mar/2026:18:39:49 +0000] "GET /contact HTTP/1.1" 200 24711 "-" "Mozilla/5.0 (iPhone; CPU iPhone OS 17_0 like Mac OS X) AppleWebKit/605.1.15 Mobile/15E148 Safari/604.1"
192.168.0.106 - - [10/Mar/2026:19:05:41 +0000] "POST /products HTTP/1.1" 200 22857 "-" "Mozilla/5.0 (Windows NT 10.0; Win64; x64) AppleWebKit/537.36 (KHTML, like Gecko) Chrome/120.0.0.0 Safari/537.36"
192.168.0.241 - - [10/Mar/2026:18:48:16 +0000] "GET /login HTTP/1.1" 200 9832 "-" "Mozilla/5.0 (X11; Linux x86_64; rv:109.0) Gecko/20100101 Firefox/115.0"
192.168.4.38 - - [10/Mar/2026:18:38:17 +0000] "POST /login HTTP/1.1" 200 19437 "-" "Mozilla/5.0 (iPhone; CPU iPhone OS 17_0 like Mac OS X) AppleWebKit/605.1.15 Mobile/15E148 Safari/604.1"
45.33.32.156 - - [10/Mar/2026:19:08:33 +0000] "GET /phpmyadmin/ HTTP/1.1" 404 235 "-" "curl/7.84.0"
192.168.2.210 - - [10/Mar/2026:19:03:12 +0000] "POST /login HTTP/1.1" 200 14212 "-" "Mozilla/5.0 (X11; Linux x86_64; rv:109.0) Gecko/20100101 Firefox/115.0"
185.220.101.45 - - [10/Mar/2026:19:07:33 +0000] "GET /profile?name=%3Csvg%2Fonload%3Dalert%28%27xss%27%29%3E HTTP/1.1" 200 4026 "-" "python-requests/2.28.0"
192.168.0.106 - - [10/Mar/2026:18:53:10 +0000] "GET /login HTTP/1.1" 200 23196 "-" "Mozilla/5.0 (X11; Linux x86_64; rv:109.0) Gecko/20100101 Firefox/115.0"
192.168.0.54 - - [10/Mar/2026:18:56:59 +0000] "GET /api/v1/users HTTP/1.1" 200 15300 "-" "Mozilla/5.0 (Macintosh; Intel Mac OS X 10_15_7) AppleWebKit/605.1.15 (KHTML, like Gecko) Version/17.0 Safari/605.1.15"
192.168.1.99 - - [10/Mar/2026:18:59:37 +0000] "GET /index.html HTTP/1.1" 200 9264 "-" "Mozilla/5.0 (iPhone; CPU iPhone OS 17_0 like Mac OS X) AppleWebKit/605.1.15 Mobile/15E148 Safari/604.1"
192.168.1.99 - - [10/Mar/2026:19:06:38 +0000] "GET /products HTTP/1.1" 200 8396 "-" "Mozilla/5.0 (Macintosh; Intel Mac OS X 10_15_7) AppleWebKit/605.1.15 (KHTML, like Gecko) Version/17.0 Safari/605.1.15"
192.168.0.106 - - [10/Mar/2026:18:36:18 +0000] "GET /login HTTP/1.1" 200 4019 "-" "Mozilla/5.0 (iPhone; CPU iPhone OS 17_0 like Mac OS X) AppleWebKit/605.1.15 Mobile/15E148 Safari/604.1"
172.16.254.1 - - [10/Mar/2026:19:09:49 +0000] "POST /login HTTP/1.1" 401 300 "https://target.com/login" "python-requests/2.28.0"
192.168.3.12 - - [10/Mar/2026:18:22:26 +0000] "POST /contact HTTP/1.1" 404 4629 "-" "Mozilla/5.0 (iPhone; CPU iPhone OS 17_0 like Mac OS X) AppleWebKit/605.1.15 Mobile/15E148 Safari/604.1"
192.168.0.241 - - [10/Mar/2026:18:58:24 +0000] "POST /search?q=shoes HTTP/1.1" 301 24648 "-" "Mozilla/5.0 (iPhone; CPU iPhone OS 17_0 like Mac OS X) AppleWebKit/605.1.15 Mobile/15E148 Safari/604.1"
192.168.4.38 - - [10/Mar/2026:18:58:23 +0000] "GET / HTTP/1.1" 200 11284 "-" "Mozilla/5.0 (Macintosh; Intel Mac OS X 10_15_7) AppleWebKit/605.1.15 (KHTML, like Gecko) Version/17.0 Safari/605.1.15"
192.168.2.210 - - [10/Mar/2026:18:50:16 +0000] "GET / HTTP/1.1" 200 3615 "-" "Mozilla/5.0 (iPhone; CPU iPhone OS 17_0 like Mac OS X) AppleWebKit/605.1.15 Mobile/15E148 Safari/604.1"
192.168.0.86 - - [10/Mar/2026:18:30:59 +0000] "GET /logout HTTP/1.1" 200 17376 "-" "Mozilla/5.0 (Windows NT 10.0; Win64; x64) AppleWebKit/537.36 (KHTML, like Gecko) Chrome/120.0.0.0 Safari/537.36"
192.168.1.99 - - [10/Mar/2026:18:36:31 +0000] "GET /assets/app.js HTTP/1.1" 200 4349 "-" "Mozilla/5.0 (Macintosh; Intel Mac OS X 10_15_7) AppleWebKit/605.1.15 (KHTML, like Gecko) Version/17.0 Safari/605.1.15"
198.51.100.12 - - [10/Mar/2026:19:09:36 +0000] "GET /file?path=%c0%ae%c0%ae%c0%afetc%c0%afpasswd HTTP/1.1" 400 599 "-" "sqlmap/1.7.8#stable (https://sqlmap.org)"
192.168.0.54 - - [10/Mar/2026:18:49:37 +0000] "POST /api/v1/users HTTP/1.1" 200 3661 "-" "Mozilla/5.0 (X11; Linux x86_64; rv:109.0) Gecko/20100101 Firefox/115.0"
192.168.2.210 - - [10/Mar/2026:18:25:28 +0000] "GET /blog/post-1 HTTP/1.1" 200 10941 "-" "Mozilla/5.0 (X11; Linux x86_64; rv:109.0) Gecko/20100101 Firefox/115.0"
