172.16.254.1 - - [10/Mar/2026:19:09:49 +0000] "POST /login HTTP/1.1" 401 210 "https://target.com/login" "python-requests/2.28.0"
192.168.0.54 - - [10/Mar/2026:18:41:19 +0000] "GET /login HTTP/1.1" 200 11710 "-" "Mozilla/5.0 (Windows NT 10.0; Win64; x64) AppleWebKit/537.36 (KHTML, like Gecko) Chrome/120.0.0.0 Safari/537.36"
192.168.0.106 - - [10/Mar/2026:18:28:19 +0000] "POST /assets/main.css HTTP/1.1" 200 1827 "-" "Mozilla/5.0 (Macintosh; Intel Mac OS X 10_15_7) AppleWebKit/605.1.15 (KHTML, like Gecko) Version/17.0 Safari/605.1.15"
192.168.4.9 - - [10/Mar/2026:18:33:07 +0000] "POST /blog/post-1 HTTP/1.1" 200 12251 "-" "Mozilla/5.0 (X11; Linux x86_64; rv:109.0) Gecko/20100101 Firefox/115.0"
45.33.32.156 - - [10/Mar/2026:19:08:57 +0000] "GET /web.config HTTP/1.1" 404 207 "-" "curl/7.84.0"
192.168.1.43 - - [10/Mar/2026:18:37:47 +0000] "POST /api/v1/orders HTTP/1.1" 200 13589 "-" "Mozilla/5.0 (Windows NT 10.0; Win64; x64) AppleWebKit/537.36 (KHTML, like Gecko) Chrome/120.0.0.0 Safari/537.36"
192.168.2.7 - - [10/Mar/2026:18:48:35 +0000] "POST /api/v1/users HTTP/1.1" 200 7336 "-" "Mozilla/5.0 (Windows NT 10.0; Win64; x64) AppleWebKit/537.36 (KHTML, like Gecko) Chrome/120.0.0.0 Safari/537.36"
192.168.2.210 - - [10/Mar/2026:18:51:35 +0000] "GET /blog/post-1 HTTP/1.1" 200 17393 "-" "Mozilla/5.0 (iPhone; CPU iPhone OS 17_0 like Mac OS X) AppleWebKit/605.1.15 Mobile/15E148 Safari/604.1"
192.168.5.178 - - [10/Mar/2026:18:59:57 +0000] "GET /api/v1/users HTTP/1.1" 200 10923 "-" "Mozilla/5.0 (X11; Linux x86_64; rv:109.0) Gecko/20100101 Firefox/115.0"
172.16.254.1 - - [10/Mar/2026:19:09:41 +0000] "POST /login HTTP/1.1" 401 163 "https://target.com/login" "python-requests/2.28.0"
185.220.101.45 - - [10/Mar/2026:19:07:52 +0000] "GET /index.php?page=..%2F..%2F..%2Fetc%2Fshadow HTTP/1.1" 403 971 "-" "Nikto/2.1.6"
192.168.2.227 - - [10/Mar/2026:18:26:43 +0000] "GET /api/v1/users HTTP/1.1" 200 15552 "-" "Mozilla/5.0 (X11; Linux x86_64; rv:109.0) Gecko/20100101 Firefox/115.0"
192.168.2.7 - - [10/Mar/2026:18:45:44 +0000] "GET /api/v1/users HTTP/1.1" 404 6805 "-" "Mozilla/5.0 (Windows NT 10.0; Win64; x64) AppleWebKit/537.36 (KHTML, like Gecko) Chrome/120.0.0.0 Safari/537.36"
192.168.1.43 - - [10/Mar/2026:18:37:57 +0000] "POST /blog/post-1 HTTP/1.1" 200 19875 "-" "Mozilla/5.0 (Macintosh; Intel Mac OS X 10_15_7) AppleWebKit/605.1.15 (KHTML, like Gecko) Version/17.0 Safari/605.1.15"
192.168.0.200 - - [10/Mar/2026:18:27:31 +0000] "GET /about HTTP/1.1" 200 13476 "-" "Mozilla/5.0 (X11; Linux x86_64; rv:109.0) Gecko/20100101 Firefox/115.0"
198.51.100.12 - - [10/Mar/2026:19:09:30 +0000] "GET /search?q=%2527%2520OR%25201%253D1-- HTTP/1.1" 200 134 "-" "python-requests/2.28.0"
203.0.113.77 - - [10/Mar/2026:19:08:28 +0000] "GET /api/exec?cmd=%60whoami%60 HTTP/1.1" 200 901 "-" "python-requests/2.28.0"
192.168.1.99 - - [10/Mar/2026:18:49:08 +0000] "GET /api/v1/orders HTTP/1.1" 200 15992 "-" "Mozilla/5.0 (Windows NT 10.0; Win64; x64) AppleWebKit/537.36 (KHTML, like Gecko) Chrome/120.0.0.0 Safari/537.36"
192.168.2.7 - - [10/Mar/2026:19:05:49 +0000] "GET /assets/main.css HTTP/1.1" 200 12073 "-" "Mozilla/5.0 (Macintosh; Intel Mac OS X 10_15_7) AppleWebKit/605.1.15 (KHTML, like Gecko) Version/17.0 Safari/605.1.15"
45.33.32.156 - - [10/Mar/2026:19:08:41 +0000] "GET /composer.json HTTP/1.1" 404 456 "-" "curl/7.84.0"
192.168.0.55 - - [10/Mar/2026:18:32:47 +0000] "GET /api/v1/users HTTP/1.1" 200 8112 "-" "Mozilla/5.0 (iPhone; CPU iPhone OS 17_0 like Mac OS X) AppleWebKit/605.1.15 Mobile/15E148 Safari/604.1"
198.51.100.12 - - [10/Mar/2026:19:09:28 +0000] "GET /file?path=%c0%ae%c0%ae%c0%afetc%c0%afpasswd HTTP/1.1" 200 3943 "-" "sqlmap/1.7.8#stable (https://sqlmap.org)"
172.16.254.1 - - [10/Mar/2026:19:09:52 +0000] "POST /login HTTP/1.1" 401 129 "https://target.com/login" "python-requests/2.28.0"
203.0.113.77 - - [10/Mar/2026:19:08:25 +0000] "GET /tools/check?input=%7C+id HTTP/1.1" 200 1524 "-" "python-requests/2.28.0"
192.168.0.177 - - [10/Mar/2026:18:23:12 +0000] "GET /api/v1/users HTTP/1.1" 200 23792 "-" "Mozilla/5.0 (Macintosh; Intel Mac OS X 10_15_7) AppleWebKit/605.1.15 (KHTML, like Gecko) Version/17.0 Safari/605.1.15"
45.33.32.156 - - [10/Mar/2026:19:08:41 +0000] "GET /.env HTTP/1.1" 403 225 "-" "curl/7.84.0"
192.168.0.200 - - [10/Mar/2026:18:41:05 +0000] "GET /blog HTTP/1.1" 200 3845 "-" "Mozilla/5.0 (X11; Linux x86_64; rv:109.0) Gecko/20100101 Firefox/115.0"
192.168.1.99 - - [10/Mar/2026:18:59:46 +0000] "GET /blog HTTP/1.1" 200 1350 "-" "Mozilla/5.0 (Macintosh; Intel Mac OS X 10_15_7) AppleWebKit/605.1.15 (KHTML, like Gecko) Version/17.0 Safari/605.1.15"
192.168.1.43 - - [10/Mar/2026:18:40:39 +0000] "GET /login HTTP/1.1" 200 7881 "-" "Mozilla/5.0 (Macintosh; Intel Mac OS X 10_15_7) AppleWebKit/605.1.15 (KHTML, like Gecko) Version/17.0 Safari/605.1.15"
192.168.0.106 - - [10/Mar/2026:18:45:27 +0000] "GET /login HTTP/1.1" 200 7263 "-" "Mozilla/5.0 (iPhone; CPU iPhone OS 17_0 like Mac OS X) AppleWebKit/605.1.15 Mobile/15E148 Safari/604.1"
172.16.254.1 - - [10/Mar/2026:19:09:51 +0000] "POST /login HTTP/1.1" 401 173 "https://target.com/login" "python-requests/2.28.0"
192.168.4.38 - - [10/Mar/2026:18:49:53 +0000] "GET /index.html HTTP/1.1" 200 23892 "-" "Mozilla/5.0 (X11; Linux x86_64; rv:109.0) Gecko/20100101 Firefox/115.0"
192.168.0.54 - - [10/Mar/2026:18:24:50 +0000] "GET /api/v1/users HTTP/1.1" 301 24100 "-" "Mozilla/5.0 (iPhone; CPU iPhone OS 17_0 like Mac OS X) AppleWebKit/605.1.15 Mobile/15E148 Safari/604.1"
203.0.113.77 - - [10/Mar/2026:19:07:24 +0000] "GET /search?q=%3Cscript%3Ealert%28%27XSS%27%29%3C%2Fscript%3E HTTP/1.1" 200 2503 "-" "python-requests/2.28.0"
172.16.254.1 - - [10/Mar/2026:19:09:48 +0000] "POST /login HTTP/1.1" 401 117 "https://target.com/login" "python-requests/2.28.0"
192.168.0.54 - - [10/Mar/2026:18:36:01 +0000] "GET /about HTTP/1.1" 404 24381 "-" "Mozilla/5.0 (Macintosh; Intel Mac OS X 10_15_7) AppleWebKit/605.1.15 (KHTML, like Gecko) Version/17.0 Safari/605.1.15"
172.16.254.1 - - [10/Mar/2026:19:09:38 +0000] "POST /login HTTP/1.1" 401 225 "https://target.com/login" "python-requests/2.28.0"
192.168.1.43 - - [10/Mar/2026:18:29:49 +0000] "GET /products HTTP/1.1" 200 18977 "-" "Mozilla/5.0 (Macintosh; Intel Mac OS X 10_15_7) AppleWebKit/605.1.15 (KHTML, like Gecko) Version/17.0 Safari/605.1.15"
192.168.4.9 - - [10/Mar/2026:18:52:50 +0000] "GET /api/v1/users HTTP/1.1" 200 3337 "-" "Mozilla/5.0 (Macintosh; Intel Mac OS X 10_15_7) AppleWebKit/605.1.15 (KHTML, like Gecko) Version/17.0 Safari/605.1.15"
192.168.2.210 - - [10/Mar/2026:18:30:10 +0000] "GET /login HTTP/1.1" 200 8977 "-" "Mozilla/5.0 (iPhone; CPU iPhone OS 17_0 like Mac OS X) AppleWebKit/605.1.15 Mobile/15E148 Safari/604.1"
192.168.3.134 - - [10/Mar/2026:18:57:20 +0000] "GET /login HTTP/1.1" 304 22102 "-" "Mozilla/5.0 (iPhone; CPU iPhone OS 17_0 like Mac OS X) AppleWebKit/605.1.15 Mobile/15E148 Safari/604.1"
45.33.32.156 - - [10/Mar/2026:19:09:01 +0000] "GET /wp-admin/ HTTP/1.1" 403 314 "-" "curl/7.84.0"
192.168.3.12 - - [10/Mar/2026:18:54:49 +0000] "GET / HTTP/1.1" 200 16509 "-" "Mozilla/5.0 (Windows NT 10.0; Win64; x64) AppleWebKit/537.36 (KHTML, like Gecko) Chrome/120.0.0.0 Safari/537.36"
172.16.254.1 - - [10/Mar/2026:19:09:51 +0000] "POST /login HTTP/1.1" 401 102 "https://target.com/login" "python-requests/2.28.0"
192.168.0.106 - - [10/Mar/2026:18:30:20 +0000] "POST /favicon.ico HTTP/1.1" 200 22596 "-" "Mozilla/5.0 (iPhone; CPU iPhone OS 17_0 like Mac OS X) AppleWebKit/605.1.15 Mobile/15E148 Safari/604.1"
45.33.32.156 - - [10/Mar/2026:19:08:41 +0000] "GET /web.config HTTP/1.1" 404 410 "-" "curl/7.84.0"
192.168.0.55 - - [10/Mar/2026:18:24:34 +0000] "GET / HTTP/1.1" 200 9985 "-" "Mozilla/5.0 (Macintosh; Intel Mac OS X 10_15_7) AppleWebKit/605.1.15 (KHTML, like Gecko) Version/17.0 Safari/605.1.15"
192.168.0.86 - - [10/Mar/2026:18:33:26 +0000] "POST /login HTTP/1.1" 200 16529 "-" "Mozilla/5.0 (iPhone; CPU iPhone OS 17_0 like Mac OS X) AppleWebKit/605.1.15 Mobile/15E148 Safari/604.1"
192.168.4.9 - - [10/Mar/2026:19:01:25 +0000] "GET /api/v1/orders HTTP/1.1" 200 13989 "-" "Mozilla/5.0 (Macintosh; Intel Mac OS X 10_15_7) AppleWebKit/605.1.15 (KHTML, like Gecko) Version/17.0 Safari/605.1.15"
192.168.0.54 - - [10/Mar/2026:18:32:24 +0000] "GET /login HTTP/1.1" 200 20462 "-" "Mozilla/5.0 (Windows NT 10.0; Win64; x64) AppleWebKit/537.36 (KHTML, like Gecko) Chrome/120.0.0.0 Safari/537.36"
45.33.32.156 - - [10/Mar/2026:19:08:39 +0000] "GET /.htaccess HTTP/1.1" 404 250 "-" "curl/7.84.0"
192.168.0.54 - - [10/Mar/2026:18:39:34 +0000] "POST /index.html HTTP/1.1" 200 8644 "-" "Mozilla/5.0 (Windows NT 10.0; Win64; x64) AppleWebKit/537.36 (KHTML, like Gecko) Chrome/120.0.0.0 Safari/537.36"
192.168.1.43 - - [10/Mar/2026:18:31:19 +0000] "GET /blog HTTP/1.1" 200 10041 "-" "Mozilla/5.0 (Windows NT 10.0; Win64; x64) AppleWebKit/537.36 (KHTML, like Gecko) Chrome/120.0.0.0 Safari/537.36"
192.168.0.241 - - [10/Mar/2026:18:58:37 +0000] "GET /favicon.ico HTTP/1.1" 200 12153 "-" "Mozilla/5.0 (Windows NT 10.0; Win64; x64) AppleWebKit/537.36 (KHTML, like Gecko) Chrome/120.0.0.0 Safari/537.36"
192.168.4.38 - - [10/Mar/2026:18:47:03 +0000] "GET /login HTTP/1.1" 301 24550 "-" "Mozilla/5.0 (iPhone; CPU iPhone OS 17_0 like Mac OS X) AppleWebKit/605.1.15 Mobile/15E148 Safari/604.1"
45.33.32.156 - - [10/Mar/2026:19:08:53 +0000] "GET /wp-admin/ HTTP/1.1" 403 356 "-" "curl/7.84.0"
192.168.2.210 - - [10/Mar/2026:18:59:28 +0000] "POST /blog/post-1 HTTP/1.1" 200 14769 "-" "Mozilla/5.0 (iPhone; CPU iPhone OS 17_0 like Mac OS X) AppleWebKit/605.1.15 Mobile/15E148 Safari/604.1"
192.168.1.43 - - [10/Mar/2026:18:50:20 +0000] "GET /favicon.ico HTTP/1.1" 200 23426 "-" "Mozilla/5.0 (Windows NT 10.0; Win64; x64) AppleWebKit/537.36 (KHTML, like Gecko) Chrome/120.0.0.0 Safari/537.36"
192.168.1.99 - - [10/Mar/2026:18:59:12 +0000] "POST /api/v1/users HTTP/1.1" 200 22671 "-" "Mozilla/5.0 (X11; Linux x86_64; rv:109.0) Gecko/20100101 Firefox/115.0"
192.168.2.7 - - [10/Mar/2026:19:03:26 +0000] "POST /search?q=shoes HTTP/1.1" 200 7951 "-" "Mozilla/5.0 (Windows NT 10.0; Win64; x64) AppleWebKit/537.36 (KHTML, like Gecko) Chrome/120.0.0.0 Safari/537.36"
192.168.0.241 - - [10/Mar/2026:19:04:21 +0000] "POST /login HTTP/1.1" 301 13622 "-" "Mozilla/5.0 (X11; Linux x86_64; rv:109.0) Gecko/20100101 Firefox/115.0"
192.168.0.55 - - [10/Mar/2026:18:55:54 +0000] "GET /blog HTTP/1.1" 200 4043 "-" "Mozilla/5.0 (Macintosh; Intel Mac OS X 10_15_7) AppleWebKit/605.1.15 (KHTML, like Gecko) Version/17.0 Safari/605.1.15"
198.51.100.12 - - [10/Mar/2026:19:09:14 +0000] "GET /page?id=PHNjcmlwdD5hbGVydCgxKTwvc2NyaXB0Pg== HTTP/1.1" 403 3569 "-" "python-requests/2.28.0"
192.168.1.99 - - [10/Mar/2026:18:53:59 +0000] "GET /favicon.ico HTTP/1.1" 404 9902 "-" "Mozilla/5.0 (X11; Linux x86_64; rv:109.0) Gecko/20100101 Firefox/115.0"
192.168.2.227 - - [10/Mar/2026:18:35:26 +0000] "GET /products HTTP/1.1" 200 4287 "-" "Mozilla/5.0 (Windows NT 10.0; Win64; x64) AppleWebKit/537.36 (KHTML, like Gecko) Chrome/120.0.0.0 Safari/537.36"
192.168.0.200 - - [10/Mar/2026:19:03:09 +0000] "GET /logout HTTP/1.1" 200 13528 "-" "Mozilla/5.0 (Windows NT 10.0; Win64; x64) AppleWebKit/537.36 (KHTML, like Gecko) Chrome/120.0.0.0 Safari/537.36"
45.33.32.156 - - [10/Mar/2026:19:08:51 +0000] "GET /.git/config HTTP/1.1" 404 403 "-" "curl/7.84.0"
192.168.0.200 - - [10/Mar/2026:18:53:35 +0000] "POST /logout HTTP/1.1" 200 1722 "-" "Mozilla/5.0 (Macintosh; Intel Mac OS X 10_15_7) AppleWebKit/605.1.15 (KHTML, like Gecko) Version/17.0 Safari/605.1.15"
192.168.0.106 - - [10/Mar/2026:18:49:54 +0000] "GET / HTTP/1.1" 200 14115 "-" "Mozilla/5.0 (X11; Linux x86_64; rv:109.0) Gecko/20100101 Firefox/115.0"
192.168.0.177 - - [10/Mar/2026:18:27:45 +0000] "GET /products HTTP/1.1" 200 12468 "-" "Mozilla/5.0 (iPhone; CPU iPhone OS 17_0 like Mac OS X) AppleWebKit/605.1.15 Mobile/15E148 Safari/604.1"
192.168.0.55 - - [10/Mar/2026:18:36:53 +0000] "GET /assets/app.js HTTP/1.1" 200 13264 "-" "Mozilla/5.0 (iPhone; CPU iPhone OS 17_0 like Mac OS X) AppleWebKit/605.1.15 Mobile/15E148 Safari/604.1"
192.168.0.55 - - [10/Mar/2026:18:46:34 +0000] "GET /blog/post-1 HTTP/1.1" 200 6344 "-" "Mozilla/5.0 (X11; Linux x86_64; rv:109.0) Gecko/20100101 Firefox/115.0"
45.33.32.156 - - [10/Mar/2026:19:09:03 +0000] "GET /backup.zip HTTP/1.1" 404 145 "-" "curl/7.84.0"
185.220.101.45 - - [10/Mar/2026:19:08:05 +0000] "GET /page?file=../../../../etc/passwd HTTP/1.1" 404 109 "-" "Nikto/2.1.6"
192.168.2.7 - - [10/Mar/2026:18:49:29 +0000] "GET /blog HTTP/1.1" 200 19121 "-" "Mozilla/5.0 (iPhone; CPU iPhone OS 17_0 like Mac OS X) AppleWebKit/605.1.15 Mobile/15E148 Safari/604.1"
192.168.2.7 - - [10/Mar/2026:18:24:01 +0000] "GET /login HTTP/1.1" 200 18027 "-" "Mozilla/5.0 (Macintosh; Intel Mac OS X 10_15_7) AppleWebKit/605.1.15 (KHTML, like Gecko) Version/17.0 Safari/605.1.15"
192.168.2.227 - - [10/Mar/2026:18:48:26 +0000] "GET /search?q=shoes HTTP/1.1" 200 713 "-" "Mozilla/5.0 (Macintosh; Intel Mac OS X 10_15_7) AppleWebKit/605.1.15 (KHTML, like Gecko) Version/17.0 Safari/605.1.15"
192.168.0.106 - - [10/Mar/2026:18:54:09 +0000] "POST /blog/post-1 HTTP/1.1" 200 2424 "-" "Mozilla/5.0 (X11; Linux x86_64; rv:109.0) Gecko/20100101 Firefox/115.0"
192.168.2.147 - - [10/Mar/2026:18:27:59 +0000] "POST /login HTTP/1.1" 200 16706 "-" "Mozilla/5.0 (X11; Linux x86_64; rv:109.0) Gecko/20100101 Firefox/115.0"
192.168.5.218 - - [10/Mar/2026:18:42:29 +0000] "GET /favicon.ico HTTP/1.1" 200 12378 "-" "Mozilla/5.0 (X11; Linux x86_64; rv:109.0) Gecko/20100101 Firefox/115.0"
192.168.0.106 - - [10/Mar/2026:18:36:40 +0000] "GET /about HTTP/1.1" 200 24943 "-" "Mozilla/5.0 (X11; Linux x86_64; rv:109.0) Gecko/20100101 Firefox/115.0"
45.33.32.156 - - [10/Mar/2026:19:09:06 +0000] "GET /server-status HTTP/1.1" 404 163 "-" "curl/7.84.0"
192.168.2.227 - - [10/Mar/2026:18:54:34 +0000] "GET /about HTTP/1.1" 200 2756 "-" "Mozilla/5.0 (X11; Linux x86_64; rv:109.0) Gecko/20100101 Firefox/115.0"
192.168.3.134 - - [10/Mar/2026:18:34:43 +0000] "POST /logout HTTP/1.1" 404 1976 "-" "Mozilla/5.0 (Macintosh; Intel Mac OS X 10_15_7) AppleWebKit/605.1.15 (KHTML, like Gecko) Version/17.0 Safari/605.1.15"
192.168.1.43 - - [10/Mar/2026:18:39:05 +0000] "GET /assets/main.css HTTP/1.1" 200 21354 "-" "Mozilla/5.0 (X11; Linux x86_64; rv:109.0) Gecko/20100101 Firefox/115.0"
192.168.5.218 - - [10/Mar/2026:18:35:12 +0000] "GET /assets/app.js HTTP/1.1" 200 23366 "-" "Mozilla/5.0 (X11; Linux x86_64; rv:109.0) Gecko/20100101 Firefox/115.0"
192.168.0.86 - - [10/Mar/2026:18:48:31 +0000] "GET /products HTTP/1.1" 200 15509 "-" "Mozilla/5.0 (Windows NT 10.0; Win64; x64) AppleWebKit/537.36 (KHTML, like Gecko) Chrome/120.0.0.0 Safari/537.36"
192.168.5.178 - - [10/Mar/2026:18:56:36 +0000] "GET /api/v1/orders HTTP/1.1" 200 11430 "-" "Mozilla/5.0 (iPhone; CPU iPhone OS 17_0 like Mac OS X) AppleWebKit/605.1.15 Mobile/15E148 Safari/604.1"
192.168.0.54 - - [10/Mar/2026:18:32:30 +0000] "POST /assets/main.css HTTP/1.1" 200 4735 "-" "Mozilla/5.0 (Windows NT 10.0; Win64; x64) AppleWebKit/537.36 (KHTML, like Gecko) Chrome/120.0.0.0 Safari/537.36"
10.0.0.99 - - [10/Mar/2026:19:07:40 +0000] "GET /profile?name=%3Csvg%2Fonload%3Dalert%28%27xss%27%29%3E HTTP/1.1" 200 897 "-" "curl/7.84.0"
192.168.1.99 - - [10/Mar/2026:18:53:16 +0000] "GET /favicon.ico HTTP/1.1" 200 14329 "-" "Mozilla/5.0 (Macintosh; Intel Mac OS X 10_15_7) AppleWebKit/605.1.15 (KHTML, like Gecko) Version/17.0 Safari/605.1.15"
192.168.0.54 - - [10/Mar/2026:18:22:57 +0000] "GET /api/v1/users HTTP/1.1" 200 7685 "-" "Mozilla/5.0 (iPhone; CPU iPhone OS 17_0 like Mac OS X) AppleWebKit/605.1.15 Mobile/15E148 Safari/604.1"
203.0.113.77 - - [10/Mar/2026:19:07:01 +0000] "GET /product?id=1%3B+DROP+TABLE+users%3B-- HTTP/1.1" 403 1661 "-" "sqlmap/1.7.8#stable (https://sqlmap.org)"
203.0.113.77 - - [10/Mar/2026:19:07:03 +0000] "GET /api/v1/users?id=1+AND+SLEEP%285%29-- HTTP/1.1" 403 967 "-" "sqlmap/1.7.8#stable (https://sqlmap.org)"
192.168.0.200 - - [10/Mar/2026:18:53:39 +0000] "GET /search?q=shoes HTTP/1.1" 200 5213 "-" "Mozilla/5.0 (Macintosh; Intel Mac OS X 10_15_7) AppleWebKit/605.1.15 (KHTML, like Gecko) Version/17.0 Safari/605.1.15"
192.168.2.147 - - [10/Mar/2026:18:43:01 +0000] "GET /logout HTTP/1.1" 304 9313 "-" "Mozilla/5.0 (iPhone; CPU iPhone OS 17_0 like Mac OS X) AppleWebKit/605.1.15 Mobile/15E148 Safari/604.1"
172.16.254.1 - - [10/Mar/2026:19:09:45 +0000] "POST /login HTTP/1.1" 401 285 "https://target.com/login" "python-requests/2.28.0"
185.220.101.45 - - [10/Mar/2026:19:08:02 +0000] "GET /view?doc=php://filter/convert.base64-encode/resource=index.php HTTP/1.1" 404 7771 "-" "Nikto/2.1.6"
192.168.0.106 - - [10/Mar/2026:18:24:40 +0000] "POST /logout HTTP/1.1" 200 20850 "-" "Mozilla/5.0 (X11; Linux x86_64; rv:109.0) Gecko/20100101 Firefox/115.0"
192.168.2.7 - - [10/Mar/2026:18:35:33 +0000] "POST /products HTTP/1.1" 200 15764 "-" "Mozilla/5.0 (Windows NT 10.0; Win64; x64) AppleWebKit/537.36 (KHTML, like Gecko) Chrome/120.0.0.0 Safari/537.36"
192.168.2.7 - - [10/Mar/2026:18:40:52 +0000] "GET / HTTP/1.1" 200 24101 "-" "Mozilla/5.0 (X11; Linux x86_64; rv:109.0) Gecko/20100101 Firefox/115.0"
192.168.3.134 - - [10/Mar/2026:18:36:14 +0000] "GET /logout HTTP/1.1" 200 8980 "-" "Mozilla/5.0 (iPhone; CPU iPhone OS 17_0 like Mac OS X) AppleWebKit/605.1.15 Mobile/15E148 Safari/604.1"
192.168.4.38 - - [10/Mar/2026:19:02:09 +0000] "POST /index.html HTTP/1.1" 200 7111 "-" "Mozilla/5.0 (Windows NT 10.0; Win64; x64) AppleWebKit/537.36 (KHTML, like Gecko) Chrome/120.0.0.0 Safari/537.36"
192.168.0.200 - - [10/Mar/2026:18:35:00 +0000] "GET /logout HTTP/1.1" 200 14512 "-" "Mozilla/5.0 (Macintosh; Intel Mac OS X 10_15_7) AppleWebKit/605.1.15 (KHTML, like Gecko) Version/17.0 Safari/605.1.15"
192.168.0.200 - - [10/Mar/2026:18:54:17 +0000] "POST /login HTTP/1.1" 200 3641 "-" "Mozilla/5.0 (X11; Linux x86_64; rv:109.0) Gecko/20100101 Firefox/115.0"
192.168.1.99 - - [10/Mar/2026:19:03:06 +0000] "GET /login HTTP/1.1" 200 23191 "-" "Mozilla/5.0 (Macintosh; Intel Mac OS X 10_15_7) AppleWebKit/605.1.15 (KHTML, like Gecko) Version/17.0 Safari/605.1.15"
172.16.254.1 - - [10/Mar/2026:19:09:43 +0000] "POST /login HTTP/1.1" 401 193 "https://target.com/login" "python-requests/2.28.0"
192.168.2.147 - - [10/Mar/2026:18:42:19 +0000] "GET /search?q=shoes HTTP/1.1" 200 24733 "-" "Mozilla/5.0 (Windows NT 10.0; Win64; x64) AppleWebKit/537.36 (KHTML, like Gecko) Chrome/120.0.0.0 Safari/537.36"
192.168.4.9 - - [10/Mar/2026:18:57:39 +0000] "GET /about HTTP/1.1" 200 10167 "-" "Mozilla/5.0 (Windows NT 10.0; Win64; x64) AppleWebKit/537.36 (KHTML, like Gecko) Chrome/120.0.0.0 Safari/537.36"
192.168.0.200 - - [10/Mar/2026:18:33:49 +0000] "GET /index.html HTTP/1.1" 200 4679 "-" "Mozilla/5.0 (Windows NT 10.0; Win64; x64) AppleWebKit/537.36 (KHTML, like Gecko) Chrome/120.0.0.0 Safari/537.36"
192.168.0.241 - - [10/Mar/2026:18:36:48 +0000] "GET /index.html HTTP/1.1" 200 16378 "-" "Mozilla/5.0 (Windows NT 10.0; Win64; x64) AppleWebKit/537.36 (KHTML, like Gecko) Chrome/120.0.0.0 Safari/537.36"
192.168.0.106 - - [10/Mar/2026:18:38:35 +0000] "GET /products HTTP/1.1" 200 5622 "-" "Mozilla/5.0 (iPhone; CPU iPhone OS 17_0 like Mac OS X) AppleWebKit/605.1.15 Mobile/15E148 Safari/604.1"
192.168.5.218 - - [10/Mar/2026:18:25:02 +0000] "GET /products HTTP/1.1" 200 1895 "-" "Mozilla/5.0 (Windows NT 10.0; Win64; x64) AppleWebKit/537.36 (KHTML, like Gecko) Chrome/120.0.0.0 Safari/537.36"
192.168.0.55 - - [10/Mar/2026:18:55:10 +0000] "GET /api/v1/users HTTP/1.1" 200 22306 "-" "Mozilla/5.0 (iPhone; CPU iPhone OS 17_0 like Mac OS X) AppleWebKit/605.1.15 Mobile/15E148 Safari/604.1"
172.16.254.1 - - [10/Mar/2026:19:09:50 +0000] "POST /login HTTP/1.1" 401 111 "https://target.com/login" "python-requests/2.28.0"
192.168.0.54 - - [10/Mar/2026:19:02:11 +0000] "GET /assets/main.css HTTP/1.1" 200 5646 "-" "Mozilla/5.0 (iPhone; CPU iPhone OS 17_0 like Mac OS X) AppleWebKit/605.1.15 Mobile/15E148 Safari/604.1"
192.168.2.147 - - [10/Mar/2026:18:23:25 +0000] "POST /api/v1/users HTTP/1.1" 200 24720 "-" "Mozilla/5.0 (Windows NT 10.0; Win64; x64) AppleWebKit/537.36 (KHTML, like Gecko) Chrome/120.0.0.0 Safari/537.36"
192.168.3.119 - - [10/Mar/2026:19:01:59 +0000] "GET /login HTTP/1.1" 200 22151 "-" "Mozilla/5.0 (X11; Linux x86_64; rv:109.0) Gecko/20100101 Firefox/115.0"
192.168.3.134 - - [10/Mar/2026:18:42:31 +0000] "GET /index.html HTTP/1.1" 200 14982 "-" "Mozilla/5.0 (X11; Linux x86_64; rv:109.0) Gecko/20100101 Firefox/115.0"
192.168.2.227 - - [10/Mar/2026:18:43:08 +0000] "GET /blog HTTP/1.1" 200 19861 "-" "Mozilla/5.0 (Macintosh; Intel Mac OS X 10_15_7) AppleWebKit/605.1.15 (KHTML, like Gecko) Version/17.0 Safari/605.1.15"
192.168.3.12 - - [10/Mar/2026:18:57:05 +0000] "GET /blog/post-1 HTTP/1.1" 200 2804 "-" "Mozilla/5.0 (X11; Linux x86_64; rv:109.0) Gecko/20100101 Firefox/115.0"
192.168.1.43 - - [10/Mar/2026:18:47:33 +0000] "GET /api/v1/users HTTP/1.1" 200 13516 "-" "Mozilla/5.0 (Windows NT 10.0; Win64; x64) AppleWebKit/537.36 (KHTML, like Gecko) Chrome/120.0.0.0 Safari/537.36"
192.168.0.177 - - [10/Mar/2026:18:59:03 +0000] "POST /api/v1/orders HTTP/1.1" 200 18762 "-" "Mozilla/5.0 (Windows NT 10.0; Win64; x64) AppleWebKit/537.36 (KHTML, like Gecko) Chrome/120.0.0.0 Safari/537.36"
203.0.113.77 - - [10/Mar/2026:19:08:15 +0000] "GET /tools/check?input=%7C+id HTTP/1.1" 500 471 "-" "python-requests/2.28.0"
192.168.4.38 - - [10/Mar/2026:18:30:51 +0000] "GET /blog HTTP/1.1" 200 14202 "-" "Mozilla/5.0 (Windows NT 10.0; Win64; x64) AppleWebKit/537.36 (KHTML, like Gecko) Chrome/120.0.0.0 Safari/537.36"
192.168.0.86 - - [10/Mar/2026:19:00:41 +0000] "GET /blog HTTP/1.1" 200 2033 "-" "Mozilla/5.0 (X11; Linux x86_64; rv:109.0) Gecko/20100101 Firefox/115.0"
45.33.32.156 - - [10/Mar/2026:19:08:50 +0000] "GET /composer.json HTTP/1.1" 401 326 "-" "curl/7.84.0"
185.220.101.45 - - [10/Mar/2026:19:08:11 +0000] "GET /download?path=....//....//....//etc/passwd HTTP/1.1" 200 4602 "-" "Nikto/2.1.6"
192.168.5.218 - - [10/Mar/2026:18:22:48 +0000] "GET /assets/app.js HTTP/1.1" 200 12833 "-" "Mozilla/5.0 (Macintosh; Intel Mac OS X 10_15_7) AppleWebKit/605.1.15 (KHTML, like Gecko) Version/17.0 Safari/605.1.15"
192.168.2.227 - - [10/Mar/2026:18:53:17 +0000] "GET /about HTTP/1.1" 301 11046 "-" "Mozilla/5.0 (Windows NT 10.0; Win64; x64) AppleWebKit/537.36 (KHTML, like Gecko) Chrome/120.0.0.0 Safari/537.36"
192.168.3.134 - - [10/Mar/2026:18:32:58 +0000] "POST /blog HTTP/1.1" 200 15807 "-" "Mozilla/5.0 (X11; Linux x86_64; rv:109.0) Gecko/20100101 Firefox/115.0"
192.168.4.9 - - [10/Mar/2026:18:27:51 +0000] "POST /index.html HTTP/1.1" 200 22739 "-" "Mozilla/5.0 (X11; Linux x86_64; rv:109.0) Gecko/20100101 Firefox/115.0"
192.168.0.200 - - [10/Mar/2026:18:22:01 +0000] "GET /logout HTTP/1.1" 200 14829 "-" "Mozilla/5.0 (iPhone; CPU iPhone OS 17_0 like Mac OS X) AppleWebKit/605.1.15 Mobile/15E148 Safari/604.1"
45.33.32.156 - - [10/Mar/2026:19:06:47 +0000] "GET /login?username=%27+OR+%271%27%3D%271&password=test HTTP/1.1" 200 1732 "-" "sqlmap/1.7.8#stable (https://sqlmap.org)"
192.168.5.218 - - [10/Mar/2026:18:46:53 +0000] "GET /search?q=shoes HTTP/1.1" 200 15793 "-" "Mozilla/5.0 (Windows NT 10.0; Win64; x64) AppleWebKit/537.36 (KHTML, like Gecko) Chrome/120.0.0.0 Safari/537.36"
192.168.0.86 - - [10/Mar/2026:18:22:34 +0000] "GET /favicon.ico HTTP/1.1" 200 16919 "-" "Mozilla/5.0 (Windows NT 10.0; Win64; x64) AppleWebKit/537.36 (KHTML, like Gecko) Chrome/120.0.0.0 Safari/537.36"
192.168.2.210 - - [10/Mar/2026:18:52:30 +0000] "GET /search?q=shoes HTTP/1.1" 200 24337 "-" "Mozilla/5.0 (Windows NT 10.0; Win64; x64) AppleWebKit/537.36 (KHTML, like Gecko) Chrome/120.0.0.0 Safari/537.36"
192.168.0.200 - - [10/Mar/2026:18:58:43 +0000] "GET /about HTTP/1.1" 200 10076 "-" "Mozilla/5.0 (iPhone; CPU iPhone OS 17_0 like Mac OS X) AppleWebKit/605.1.15 Mobile/15E148 Safari/604.1"
192.168.0.54 - - [10/Mar/2026:18:42:23 +0000] "GET /index.html HTTP/1.1" 200 15906 "-" "Mozilla/5.0 (iPhone; CPU iPhone OS 17_0 like Mac OS X) AppleWebKit/605.1.15 Mobile/15E148 Safari/604.1"
192.168.1.99 - - [10/Mar/2026:18:50:32 +0000] "POST /blog/post-1 HTTP/1.1" 200 7566 "-" "Mozilla/5.0 (Windows NT 10.0; Win64; x64) AppleWebKit/537.36 (KHTML, like Gecko) Chrome/120.0.0.0 Safari/537.36"
192.168.2.227 - - [10/Mar/2026:18:43:05 +0000] "GET /blog/post-1 HTTP/1.1" 200 9035 "-" "Mozilla/5.0 (Macintosh; Intel Mac OS X 10_15_7) AppleWebKit/605.1.15 (KHTML, like Gecko) Version/17.0 Safari/605.1.15"
172.16.254.1 - - [10/Mar/2026:19:07:15 +0000] "GET /product?id=1%3B+DROP+TABLE+users%3B-- HTTP/1.1" 200 1490 "-" "sqlmap/1.7.8#stable (https://sqlmap.org)"
192.168.3.12 - - [10/Mar/2026:18:27:05 +0000] "GET /index.html HTTP/1.1" 200 23020 "-" "Mozilla/5.0 (Windows NT 10.0; Win64; x64) AppleWebKit/537.36 (KHTML, like Gecko) Chrome/120.0.0.0 Safari/537.36"
192.168.1.43 - - [10/Mar/2026:18:32:02 +0000] "GET /api/v1/users HTTP/1.1" 200 10791 "-" "Mozilla/5.0 (Macintosh; Intel Mac OS X 10_15_7) AppleWebKit/605.1.15 (KHTML, like Gecko) Version/17.0 Safari/605.1.15"
192.168.5.218 - - [10/Mar/2026:18:58:17 +0000] "GET / HTTP/1.1" 200 9803 "-" "Mozilla/5.0 (Windows NT 10.0; Win64; x64) AppleWebKit/537.36 (KHTML, like Gecko) Chrome/120.0.0.0 Safari/537.36"
192.168.4.38 - - [10/Mar/2026:18:31:28 +0000] "GET /assets/main.css HTTP/1.1" 200 4956 "-" "Mozilla/5.0 (iPhone; CPU iPhone OS 17_0 like Mac OS X) AppleWebKit/605.1.15 Mobile/15E148 Safari/604.1"
192.168.0.54 - - [10/Mar/2026:18:46:06 +0000] "GET /blog HTTP/1.1" 304 11904 "-" "Mozilla/5.0 (X11; Linux x86_64; rv:109.0) Gecko/20100101 Firefox/115.0"
192.168.5.218 - - [10/Mar/2026:18:45:36 +0000] "GET /blog HTTP/1.1" 200 6907 "-" "Mozilla/5.0 (Windows NT 10.0; Win64; x64) AppleWebKit/537.36 (KHTML, like Gecko) Chrome/120.0.0.0 Safari/537.36"
192.168.3.12 - - [10/Mar/2026:18:38:25 +0000] "GET /logout HTTP/1.1" 200 24172 "-" "Mozilla/5.0 (Windows NT 10.0; Win64; x64) AppleWebKit/537.36 (KHTML, like Gecko) Chrome/120.0.0.0 Safari/537.36"
192.168.0.106 - - [10/Mar/2026:19:03:42 +0000] "GET /logout HTTP/1.1" 200 16103 "-" "Mozilla/5.0 (Macintosh; Intel Mac OS X 10_15_7) AppleWebKit/605.1.15 (KHTML, like Gecko) Version/17.0 Safari/605.1.15"
172.16.254.1 - - [10/Mar/2026:19:09:53 +0000] "POST /login HTTP/1.1" 401 153 "https://target.com/login" "python-requests/2.28.0"
192.168.0.106 - - [10/Mar/2026:18:48:10 +0000] "GET /assets/app.js HTTP/1.1" 200 5625 "-" "Mozilla/5.0 (X11; Linux x86_64; rv:109.0) Gecko/20100101 Firefox/115.0"
192.168.5.218 - - [10/Mar/2026:18:57:45 +0000] "GET /about HTTP/1.1" 200 19518 "-" "Mozilla/5.0 (X11; Linux x86_64; rv:109.0) Gecko/20100101 Firefox/115.0"
172.16.254.1 - - [10/Mar/2026:19:09:45 +0000] "POST /login HTTP/1.1" 401 224 "https://target.com/login" "python-requests/2.28.0"
45.33.32.156 - - [10/Mar/2026:19:08:35 +0000] "GET /admin/ HTTP/1.1" 403 413 "-" "curl/7.84.0"
192.168.3.134 - - [10/Mar/2026:18:34:06 +0000] "GET /search?q=shoes HTTP/1.1" 200 12421 "-" "Mozilla/5.0 (Windows NT 10.0; Win64; x64) AppleWebKit/537.36 (KHTML, like Gecko) Chrome/120.0.0.0 Safari/537.36"
192.168.0.200 - - [10/Mar/2026:18:29:51 +0000] "GET / HTTP/1.1" 200 23861 "-" "Mozilla/5.0 (Windows NT 10.0; Win64; x64) AppleWebKit/537.36 (KHTML, like Gecko) Chrome/120.0.0.0 Safari/537.36"
198.51.100.12 - - [10/Mar/2026:19:09:19 +0000] "GET /file?path=%c0%ae%c0%ae%c0%afetc%c0%afpasswd HTTP/1.1" 400 1954 "-" "Nikto/2.1.6"
203.0.113.77 - - [10/Mar/2026:19:08:12 +0000] "GET /ping?host=127.0.0.1%3B+cat+%2Fetc%2Fpasswd HTTP/1.1" 200 1386 "-" "python-requests/2.28.0"
192.168.3.134 - - [10/Mar/2026:18:36:07 +0000] "POST /contact HTTP/1.1" 200 14751 "-" "Mozilla/5.0 (Windows NT 10.0; Win64; x64) AppleWebKit/537.36 (KHTML, like Gecko) Chrome/120.0.0.0 Safari/537.36"
203.0.113.77 - - [10/Mar/2026:19:07:18 +0000] "GET /search?q=%3Cscript%3Ealert%28%27XSS%27%29%3C%2Fscript%3E HTTP/1.1" 200 1999 "-" "curl/7.84.0"
192.168.1.99 - - [10/Mar/2026:18:27:24 +0000] "GET /favicon.ico HTTP/1.1" 301 18298 "-" "Mozilla/5.0 (X11; Linux x86_64; rv:109.0) Gecko/20100101 Firefox/115.0"
192.168.1.99 - - [10/Mar/2026:19:04:41 +0000] "GET /contact HTTP/1.1" 200 19135 "-" "Mozilla/5.0 (Macintosh; Intel Mac OS X 10_15_7) AppleWebKit/605.1.15 (KHTML, like Gecko) Version/17.0 Safari/605.1.15"
192.168.5.218 - - [10/Mar/2026:18:41:02 +0000] "GET /assets/app.js HTTP/1.1" 200 14843 "-" "Mozilla/5.0 (Windows NT 10.0; Win64; x64) AppleWebKit/537.36 (KHTML, like Gecko) Chrome/120.0.0.0 Safari/537.36"
192.168.2.210 - - [10/Mar/2026:18:49:11 +0000] "GET /login HTTP/1.1" 200 2686 "-" "Mozilla/5.0 (Macintosh; Intel Mac OS X 10_15_7) AppleWebKit/605.1.15 (KHTML, like Gecko) Version/17.0 Safari/605.1.15"
192.168.1.99 - - [10/Mar/2026:18:39:29 +0000] "GET /login HTTP/1.1" 200 14770 "-" "Mozilla/5.0 (X11; Linux x86_64; rv:109.0) Gecko/20100101 Firefox/115.0"
172.16.254.1 - - [10/Mar/2026:19:09:43 +0000] "POST /login HTTP/1.1" 401 162 "https://target.com/login" "python-requests/2.28.0"
185.220.101.45 - - [10/Mar/2026:19:07:12 +0000] "GET /login?username=%27+OR+%271%27%3D%271&password=test HTTP/1.1" 403 474 "-" "sqlmap/1.7.8#stable (https://sqlmap.org)"
192.168.0.54 - - [10/Mar/2026:18:31:35 +0000] "POST /about HTTP/1.1" 200 14064 "-" "Mozilla/5.0 (Windows NT 10.0; Win64; x64) AppleWebKit/537.36 (KHTML, like Gecko) Chrome/120.0.0.0 Safari/537.36"
192.168.5.178 - - [10/Mar/2026:19:03:16 +0000] "GET /blog HTTP/1.1" 200 16681 "-" "Mozilla/5.0 (Macintosh; Intel Mac OS X 10_15_7) AppleWebKit/605.1.15 (KHTML, like Gecko) Version/17.0 Safari/605.1.15"
192.168.2.227 - - [10/Mar/2026:19:00:45 +0000] "GET /blog HTTP/1.1" 200 11976 "-" "Mozilla/5.0 (Macintosh; Intel Mac OS X 10_15_7) AppleWebKit/605.1.15 (KHTML, like Gecko) Version/17.0 Safari/605.1.15"
192.168.0.200 - - [10/Mar/2026:18:31:36 +0000] "POST /blog/post-1 HTTP/1.1" 200 11624 "-" "Mozilla/5.0 (Windows NT 10.0; Win64; x64) AppleWebKit/537.36 (KHTML, like Gecko) Chrome/120.0.0.0 Safari/537.36"
192.168.2.147 - - [10/Mar/2026:18:35:11 +0000] "GET /blog/post-1 HTTP/1.1" 304 20632 "-" "Mozilla/5.0 (X11; Linux x86_64; rv:109.0) Gecko/20100101 Firefox/115.0"
192.168.0.86 - - [10/Mar/2026:18:32:34 +0000] "GET /api/v1/orders HTTP/1.1" 200 17983 "-" "Mozilla/5.0 (Macintosh; Intel Mac OS X 10_15_7) AppleWebKit/605.1.15 (KHTML, like Gecko) Version/17.0 Safari/605.1.15"
192.168.3.12 - - [10/Mar/2026:18:38:13 +0000] "GET /products HTTP/1.1" 304 16924 "-" "Mozilla/5.0 (X11; Linux x86_64; rv:109.0) Gecko/20100101 Firefox/115.0"
192.168.0.241 - - [10/Mar/2026:18:32:05 +0000] "POST /assets/app.js HTTP/1.1" 200 4136 "-" "Mozilla/5.0 (X11; Linux x86_64; rv:109.0) Gecko/20100101 Firefox/115.0"
192.168.0.106 - - [10/Mar/2026:18:51:25 +0000] "GET /search?q=shoes HTTP/1.1" 200 24646 "-" "Mozilla/5.0 (Macintosh; Intel Mac OS X 10_15_7) AppleWebKit/605.1.15 (KHTML, like Gecko) Version/17.0 Safari/605.1.15"
192.168.5.218 - - [10/Mar/2026:18:28:01 +0000] "GET / HTTP/1.1" 200 23496 "-" "Mozilla/5.0 (Macintosh; Intel Mac OS X 10_15_7) AppleWebKit/605.1.15 (KHTML, like Gecko) Version/17.0 Safari/605.1.15"
192.168.0.55 - - [10/Mar/2026:18:28:14 +0000] "GET /contact HTTP/1.1" 200 2826 "-" "Mozilla/5.0 (X11; Linux x86_64; rv:109.0) Gecko/20100101 Firefox/115.0"
192.168.0.55 - - [10/Mar/2026:19:06:24 +0000] "GET /login HTTP/1.1" 304 16735 "-" "Mozilla/5.0 (X11; Linux x86_64; rv:109.0) Gecko/20100101 Firefox/115.0"
192.168.4.38 - - [10/Mar/2026:18:56:23 +0000] "POST /favicon.ico HTTP/1.1" 200 2692 "-" "Mozilla/5.0 (Macintosh; Intel Mac OS X 10_15_7) AppleWebKit/605.1.15 (KHTML, like Gecko) Version/17.0 Safari/605.1.15"
172.16.254.1 - - [10/Mar/2026:19:09:46 +0000] "POST /login HTTP/1.1" 401 254 "https://target.com/login" "python-requests/2.28.0"
192.168.0.241 - - [10/Mar/2026:19:04:49 +0000] "GET /assets/app.js HTTP/1.1" 200 22381 "-" "Mozilla/5.0 (Windows NT 10.0; Win64; x64) AppleWebKit/537.36 (KHTML, like Gecko) Chrome/120.0.0.0 Safari/537.36"
192.168.0.54 - - [10/Mar/2026:18:47:48 +0000] "GET /logout HTTP/1.1" 200 10529 "-" "Mozilla/5.0 (iPhone; CPU iPhone OS 17_0 like Mac OS X) AppleWebKit/605.1.15 Mobile/15E148 Safari/604.1"
192.168.3.12 - - [10/Mar/2026:18:53:01 +0000] "GET /favicon.ico HTTP/1.1" 200 24128 "-" "Mozilla/5.0 (Windows NT 10.0; Win64; x64) AppleWebKit/537.36 (KHTML, like Gecko) Chrome/120.0.0.0 Safari/537.36"
192.168.2.7 - - [10/Mar/2026:19:02:50 +0000] "GET /blog/post-1 HTTP/1.1" 200 16578 "-" "Mozilla/5.0 (Windows NT 10.0; Win64; x64) AppleWebKit/537.36 (KHTML, like Gecko) Chrome/120.0.0.0 Safari/537.36"
192.168.0.200 - - [10/Mar/2026:19:05:57 +0000] "GET /api/v1/orders HTTP/1.1" 301 555 "-" "Mozilla/5.0 (iPhone; CPU iPhone OS 17_0 like Mac OS X) AppleWebKit/605.1.15 Mobile/15E148 Safari/604.1"
45.33.32.156 - - [10/Mar/2026:19:08:42 +0000] "GET /wp-admin/ HTTP/1.1" 403 216 "-" "curl/7.84.0"
192.168.2.7 - - [10/Mar/2026:18:53:25 +0000] "GET /blog/post-1 HTTP/1.1" 200 22567 "-" "Mozilla/5.0 (X11; Linux x86_64; rv:109.0) Gecko/20100101 Firefox/115.0"
192.168.0.106 - - [10/Mar/2026:18:50:24 +0000] "POST /api/v1/users HTTP/1.1" 200 2790 "-" "Mozilla/5.0 (iPhone; CPU iPhone OS 17_0 like Mac OS X) AppleWebKit/605.1.15 Mobile/15E148 Safari/604.1"
45.33.32.156 - - [10/Mar/2026:19:08:44 +0000] "GET /admin/ HTTP/1.1" 403 272 "-" "curl/7.84.0"
192.168.3.134 - - [10/Mar/2026:19:04:19 +0000] "GET /index.html HTTP/1.1" 200 7741 "-" "Mozilla/5.0 (Windows NT 10.0; Win64; x64) AppleWebKit/537.36 (KHTML, like Gecko) Chrome/120.0.0.0 Safari/537.36"
185.220.101.45 - - [10/Mar/2026:19:07:49 +0000] "GET /download?path=....//....//....//etc/passwd HTTP/1.1" 200 4317 "-" "Nikto/2.1.6"
192.168.1.43 - - [10/Mar/2026:18:38:38 +0000] "GET /favicon.ico HTTP/1.1" 200 3519 "-" "Mozilla/5.0 (iPhone; CPU iPhone OS 17_0 like Mac OS X) AppleWebKit/605.1.15 Mobile/15E148 Safari/604.1"
192.168.0.177 - - [10/Mar/2026:18:45:54 +0000] "GET / HTTP/1.1" 200 11386 "-" "Mozilla/5.0 (Macintosh; Intel Mac OS X 10_15_7) AppleWebKit/605.1.15 (KHTML, like Gecko) Version/17.0 Safari/605.1.15"
192.168.2.7 - - [10/Mar/2026:18:37:20 +0000] "POST /logout HTTP/1.1" 200 24966 "-" "Mozilla/5.0 (Windows NT 10.0; Win64; x64) AppleWebKit/537.36 (KHTML, like Gecko) Chrome/120.0.0.0 Safari/537.36"
192.168.2.210 - - [10/Mar/2026:18:46:54 +0000] "GET /index.html HTTP/1.1" 200 7005 "-" "Mozilla/5.0 (Macintosh; Intel Mac OS X 10_15_7) AppleWebKit/605.1.15 (KHTML, like Gecko) Version/17.0 Safari/605.1.15"
192.168.0.200 - - [10/Mar/2026:19:01:12 +0000] "GET /login HTTP/1.1" 200 23904 "-" "Mozilla/5.0 (iPhone; CPU iPhone OS 17_0 like Mac OS X) AppleWebKit/605.1.15 Mobile/15E148 Safari/604.1"
192.168.3.119 - - [10/Mar/2026:18:46:55 +0000] "GET / HTTP/1.1" 200 10304 "-" "Mozilla/5.0 (X11; Linux x86_64; rv:109.0) Gecko/20100101 Firefox/115.0"
172.16.254.1 - - [10/Mar/2026:19:09:43 +0000] "POST /login HTTP/1.1" 401 297 "https://target.com/login" "python-requests/2.28.0"
192.168.2.147 - - [10/Mar/2026:18:43:17 +0000] "POST /search?q=shoes HTTP/1.1" 200 9407 "-" "Mozilla/5.0 (Macintosh; Intel Mac OS X 10_15_7) AppleWebKit/605.1.15 (KHTML, like Gecko) Version/17.0 Safari/605.1.15"
192.168.3.134 - - [10/Mar/2026:19:04:33 +0000] "GET /assets/app.js HTTP/1.1" 200 11746 "-" "Mozilla/5.0 (Macintosh; Intel Mac OS X 10_15_7) AppleWebKit/605.1.15 (KHTML, like Gecko) Version/17.0 Safari/605.1.15"
192.168.0.106 - - [10/Mar/2026:19:06:16 +0000] "GET /api/v1/users HTTP/1.1" 200 13334 "-" "Mozilla/5.0 (Windows NT 10.0; Win64; x64) AppleWebKit/537.36 (KHTML, like Gecko) Chrome/120.0.0.0 Safari/537.36"
192.168.0.86 - - [10/Mar/2026:18:23:02 +0000] "GET /login HTTP/1.1" 200 20996 "-" "Mozilla/5.0 (Windows NT 10.0; Win64; x64) AppleWebKit/537.36 (KHTML, like Gecko) Chrome/120.0.0.0 Safari/537.36"
192.168.3.12 - - [10/Mar/2026:18:37:10 +0000] "GET /search?q=shoes HTTP/1.1" 200 7137 "-" "Mozilla/5.0 (X11; Linux x86_64; rv:109.0) Gecko/20100101 Firefox/115.0"
192.168.0.200 - - [10/Mar/2026:18:49:35 +0000] "POST /api/v1/orders HTTP/1.1" 304 13396 "-" "Mozilla/5.0 (Windows NT 10.0; Win64; x64) AppleWebKit/537.36 (KHTML, like Gecko) Chrome/120.0.0.0 Safari/537.36"
192.168.3.119 - - [10/Mar/2026:19:01:44 +0000] "GET /index.html HTTP/1.1" 200 16275 "-" "Mozilla/5.0 (Windows NT 10.0; Win64; x64) AppleWebKit/537.36 (KHTML, like Gecko) Chrome/120.0.0.0 Safari/537.36"
192.168.3.12 - - [10/Mar/2026:18:47:19 +0000] "POST /api/v1/orders HTTP/1.1" 301 14943 "-" "Mozilla/5.0 (X11; Linux x86_64; rv:109.0) Gecko/20100101 Firefox/115.0"
192.168.0.86 - - [10/Mar/2026:19:04:32 +0000] "POST /favicon.ico HTTP/1.1" 200 980 "-" "Mozilla/5.0 (Windows NT 10.0; Win64; x64) AppleWebKit/537.36 (KHTML, like Gecko) Chrome/120.0.0.0 Safari/537.36"
192.168.5.218 - - [10/Mar/2026:18:50:10 +0000] "GET /blog HTTP/1.1" 200 20521 "-" "Mozilla/5.0 (X11; Linux x86_64; rv:109.0) Gecko/20100101 Firefox/115.0"
192.168.4.9 - - [10/Mar/2026:18:40:30 +0000] "GET /assets/main.css HTTP/1.1" 200 4296 "-" "Mozilla/5.0 (Windows NT 10.0; Win64; x64) AppleWebKit/537.36 (KHTML, like Gecko) Chrome/120.0.0.0 Safari/537.36"
172.16.254.1 - - [10/Mar/2026:19:09:39 +0000] "POST /login HTTP/1.1" 401 128 "https://target.com/login" "python-requests/2.28.0"
192.168.1.43 - - [10/Mar/2026:18:31:48 +0000] "POST /blog/post-1 HTTP/1.1" 200 11062 "-" "Mozilla/5.0 (X11; Linux x86_64; rv:109.0) Gecko/20100101 Firefox/115.0"
192.168.3.134 - - [10/Mar/2026:18:23:08 +0000] "GET /assets/app.js HTTP/1.1" 200 3303 "-" "Mozilla/5.0 (Windows NT 10.0; Win64; x64) AppleWebKit/537.36 (KHTML, like Gecko) Chrome/120.0.0.0 Safari/537.36"
192.168.5.218 - - [10/Mar/2026:18:29:47 +0000] "GET /index.html HTTP/1.1" 200 2810 "-" "Mozilla/5.0 (Windows NT 10.0; Win64; x64) AppleWebKit/537.36 (KHTML, like Gecko) Chrome/120.0.0.0 Safari/537.36"
192.168.1.99 - - [10/Mar/2026:18:44:02 +0000] "GET /api/v1/orders HTTP/1.1" 200 23528 "-" "Mozilla/5.0 (Macintosh; Intel Mac OS X 10_15_7) AppleWebKit/605.1.15 (KHTML, like Gecko) Version/17.0 Safari/605.1.15"
192.168.3.134 - - [10/Mar/2026:18:42:43 +0000] "POST /blog HTTP/1.1" 200 5469 "-" "Mozilla/5.0 (Macintosh; Intel Mac OS X 10_15_7) AppleWebKit/605.1.15 (KHTML, like Gecko) Version/17.0 Safari/605.1.15"
192.168.3.134 - - [10/Mar/2026:18:23:51 +0000] "POST / HTTP/1.1" 200 4261 "-" "Mozilla/5.0 (X11; Linux x86_64; rv:109.0) Gecko/20100101 Firefox/115.0"
198.51.100.12 - - [10/Mar/2026:19:07:38 +0000] "GET /comment?text=%3Cimg+src%3Dx+onerror%3Dalert%281%29%3E HTTP/1.1" 200 1759 "-" "DirBuster-1.0-RC1"
192.168.2.147 - - [10/Mar/2026:18:30:03 +0000] "GET /products HTTP/1.1" 200 22477 "-" "Mozilla/5.0 (X11; Linux x86_64; rv:109.0) Gecko/20100101 Firefox/115.0"
192.168.0.241 - - [10/Mar/2026:18:52:25 +0000] "GET /login HTTP/1.1" 200 22894 "-" "Mozilla/5.0 (X11; Linux x86_64; rv:109.0) Gecko/20100101 Firefox/115.0"
10.0.0.99 - - [10/Mar/2026:19:06:41 +0000] "GET /search?q=%27+UNION+SELECT+null%2Cusername%2Cpassword+FROM+users-- HTTP/1.1" 200 946 "-" "sqlmap/1.7.8#stable (https://sqlmap.org)"
192.168.1.43 - - [10/Mar/2026:18:39:27 +0000] "GET /search?q=shoes HTTP/1.1" 404 5037 "-" "Mozilla/5.0 (Macintosh; Intel Mac OS X 10_15_7) AppleWebKit/605.1.15 (KHTML, like Gecko) Version/17.0 Safari/605.1.15"
10.0.0.99 - - [10/Mar/2026:19:07:29 +0000] "GET /search?q=%3Cscript%3Ealert%28%27XSS%27%29%3C%2Fscript%3E HTTP/1.1" 200 4408 "-" "python-requests/2.28.0"
192.168.0.86 - - [10/Mar/2026:18:45:08 +0000] "POST /logout HTTP/1.1" 200 808 "-" "Mozilla/5.0 (iPhone; CPU iPhone OS 17_0 like Mac OS X) AppleWebKit/605.1.15 Mobile/15E148 Safari/604.1"
192.168.4.38 - - [10/Mar/2026:19:00:55 +0000] "GET /api/v1/users HTTP/1.1" 200 17833 "-" "Mozilla/5.0 (X11; Linux x86_64; rv:109.0) Gecko/20100101 Firefox/115.0"
192.168.2.210 - - [10/Mar/2026:18:47:31 +0000] "POST /products HTTP/1.1" 200 19498 "-" "Mozilla/5.0 (X11; Linux x86_64; rv:109.0) Gecko/20100101 Firefox/115.0"
45.33.32.156 - - [10/Mar/2026:19:09:05 +0000] "GET /.htaccess HTTP/1.1" 404 406 "-" "curl/7.84.0"
192.168.4.38 - - [10/Mar/2026:18:36:28 +0000] "GET /blog/post-1 HTTP/1.1" 200 8383 "-" "Mozilla/5.0 (X11; Linux x86_64; rv:109.0) Gecko/20100101 Firefox/115.0"
203.0.113.77 - - [10/Mar/2026:19:08:18 +0000] "GET /ping?host=127.0.0.1%3B+cat+%2Fetc%2Fpasswd HTTP/1.1" 200 287 "-" "python-requests/2.28.0"
172.16.254.1 - - [10/Mar/2026:19:09:39 +0000] "POST /login HTTP/1.1" 401 197 "https://target.com/login" "python-requests/2.28.0"
192.168.1.43 - - [10/Mar/2026:18:27:30 +0000] "POST /blog/post-1 HTTP/1.1" 200 1613 "-" "Mozilla/5.0 (X11; Linux x86_64; rv:109.0) Gecko/20100101 Firefox/115.0"
192.168.0.55 - - [10/Mar/2026:18:40:43 +0000] "GET /api/v1/users HTTP/1.1" 200 17636 "-" "Mozilla/5.0 (iPhone; CPU iPhone OS 17_0 like Mac OS X) AppleWebKit/605.1.15 Mobile/15E148 Safari/604.1"
192.168.5.178 - - [10/Mar/2026:18:31:44 +0000] "GET /contact HTTP/1.1" 200 21538 "-" "Mozilla/5.0 (Windows NT 10.0; Win64; x64) AppleWebKit/537.36 (KHTML, like Gecko) Chrome/120.0.0.0 Safari/537.36"
192.168.2.210 - - [10/Mar/2026:18:27:53 +0000] "GET /contact HTTP/1.1" 200 7160 "-" "Mozilla/5.0 (X11; Linux x86_64; rv:109.0) Gecko/20100101 Firefox/115.0"
192.168.3.119 - - [10/Mar/2026:18:49:00 +0000] "GET /assets/app.js HTTP/1.1" 200 21760 "-" "Mozilla/5.0 (X11; Linux x86_64; rv:109.0) Gecko/20100101 Firefox/115.0"
45.33.32.156 - - [10/Mar/2026:19:08:55 +0000] "GET /admin/ HTTP/1.1" 404 381 "-" "curl/7.84.0"
45.33.32.156 - - [10/Mar/2026:19:08:46 +0000] "GET /backup.zip HTTP/1.1" 404 216 "-" "curl/7.84.0"
192.168.0.86 - - [10/Mar/2026:18:29:18 +0000] "GET /search?q=shoes HTTP/1.1" 200 6294 "-" "Mozilla/5.0 (iPhone; CPU iPhone OS 17_0 like Mac OS X) AppleWebKit/605.1.15 Mobile/15E148 Safari/604.1"
192.168.2.147 - - [10/Mar/2026:18:33:17 +0000] "POST /blog HTTP/1.1" 304 2339 "-" "Mozilla/5.0 (X11; Linux x86_64; rv:109.0) Gecko/20100101 Firefox/115.0"
192.168.5.218 - - [10/Mar/2026:18:42:04 +0000] "GET /search?q=shoes HTTP/1.1" 200 21590 "-" "Mozilla/5.0 (X11; Linux x86_64; rv:109.0) Gecko/20100101 Firefox/115.0"
192.168.0.106 - - [10/Mar/2026:18:57:53 +0000] "GET /search?q=shoes HTTP/1.1" 301 15497 "-" "Mozilla/5.0 (X11; Linux x86_64; rv:109.0) Gecko/20100101 Firefox/115.0"
192.168.0.54 - - [10/Mar/2026:18:51:54 +0000] "GET /about HTTP/1.1" 304 19616 "-" "Mozilla/5.0 (Windows NT 10.0; Win64; x64) AppleWebKit/537.36 (KHTML, like Gecko) Chrome/120.0.0.0 Safari/537.36"
192.168.0.86 - - [10/Mar/2026:18:27:09 +0000] "POST /about HTTP/1.1" 304 11794 "-" "Mozilla/5.0 (X11; Linux x86_64; rv:109.0) Gecko/20100101 Firefox/115.0"
192.168.1.99 - - [10/Mar/2026:18:25:53 +0000] "POST /logout HTTP/1.1" 200 2481 "-" "Mozilla/5.0 (X11; Linux x86_64; rv:109.0) Gecko/20100101 Firefox/115.0"
172.16.254.1 - - [10/Mar/2026:19:09:44 +0000] "POST /login HTTP/1.1" 401 186 "https://target.com/login" "python-requests/2.28.0"
192.168.5.218 - - [10/Mar/2026:19:04:07 +0000] "GET / HTTP/1.1" 200 16254 "-" "Mozilla/5.0 (iPhone; CPU iPhone OS 17_0 like Mac OS X) AppleWebKit/605.1.15 Mobile/15E148 Safari/604.1"
172.16.254.1 - - [10/Mar/2026:19:09:39 +0000] "POST /login HTTP/1.1" 401 219 "https://target.com/login" "python-requests/2.28.0"
192.168.1.99 - - [10/Mar/2026:19:05:29 +0000] "GET /login HTTP/1.1" 200 18732 "-" "Mozilla/5.0 (Windows NT 10.0; Win64; x64) AppleWebKit/537.36 (KHTML, like Gecko) Chrome/120.0.0.0 Safari/537.36"
192.168.2.147 - - [10/Mar/2026:18:44:22 +0000] "GET /blog/post-1 HTTP/1.1" 404 21043 "-" "Mozilla/5.0 (iPhone; CPU iPhone OS 17_0 like Mac OS X) AppleWebKit/605.1.15 Mobile/15E148 Safari/604.1"
192.168.0.177 - - [10/Mar/2026:18:58:48 +0000] "GET /api/v1/users HTTP/1.1" 200 24688 "-" "Mozilla/5.0 (Windows NT 10.0; Win64; x64) AppleWebKit/537.36 (KHTML, like Gecko) Chrome/120.0.0.0 Safari/537.36"
192.168.3.12 - - [10/Mar/2026:19:03:49 +0000] "POST /api/v1/users HTTP/1.1" 200 20928 "-" "Mozilla/5.0 (Windows NT 10.0; Win64; x64) AppleWebKit/537.36 (KHTML, like Gecko) Chrome/120.0.0.0 Safari/537.36"
192.168.3.119 - - [10/Mar/2026:18:48:45 +0000] "GET /logout HTTP/1.1" 200 14549 "-" "Mozilla/5.0 (Windows NT 10.0; Win64; x64) AppleWebKit/537.36 (KHTML, like Gecko) Chrome/120.0.0.0 Safari/537.36"
192.168.2.7 - - [10/Mar/2026:19:04:14 +0000] "GET / HTTP/1.1" 304 23012 "-" "Mozilla/5.0 (Macintosh; Intel Mac OS X 10_15_7) AppleWebKit/605.1.15 (KHTML, like Gecko) Version/17.0 Safari/605.1.15"
192.168.5.178 - - [10/Mar/2026:18:51:40 +0000] "GET /blog/post-1 HTTP/1.1" 200 6783 "-" "Mozilla/5.0 (iPhone; CPU iPhone OS 17_0 like Mac OS X) AppleWebKit/605.1.15 Mobile/15E148 Safari/604.1"
45.33.32.156 - - [10/Mar/2026:19:08:41 +0000] "GET /.git/config HTTP/1.1" 404 284 "-" "curl/7.84.0"
185.220.101.45 - - [10/Mar/2026:19:07:09 +0000] "GET /product?id=1%3B+DROP+TABLE+users%3B-- HTTP/1.1" 500 1581 "-" "sqlmap/1.7.8#stable (https://sqlmap.org)"
198.51.100.12 - - [10/Mar/2026:19:09:31 +0000] "GET /page?id=PHNjcmlwdD5hbGVydCgxKTwvc2NyaXB0Pg== HTTP/1.1" 400 1306 "-" "Burp Suite Professional v2023.10"
192.168.0.106 - - [10/Mar/2026:18:24:53 +0000] "GET /assets/app.js HTTP/1.1" 200 23168 "-" "Mozilla/5.0 (X11; Linux x86_64; rv:109.0) Gecko/20100101 Firefox/115.0"
192.168.0.241 - - [10/Mar/2026:18:31:55 +0000] "GET /about HTTP/1.1" 200 6789 "-" "Mozilla/5.0 (iPhone; CPU iPhone OS 17_0 like Mac OS X) AppleWebKit/605.1.15 Mobile/15E148 Safari/604.1"
192.168.2.210 - - [10/Mar/2026:18:33:53 +0000] "GET /about HTTP/1.1" 200 9784 "-" "Mozilla/5.0 (X11; Linux x86_64; rv:109.0) Gecko/20100101 Firefox/115.0"
192.168.2.7 - - [10/Mar/2026:18:56:26 +0000] "GET /api/v1/users HTTP/1.1" 200 18278 "-" "Mozilla/5.0 (iPhone; CPU iPhone OS 17_0 like Mac OS X) AppleWebKit/605.1.15 Mobile/15E148 Safari/604.1"
192.168.0.55 - - [10/Mar/2026:18:35:41 +0000] "POST /blog HTTP/1.1" 200 20002 "-" "Mozilla/5.0 (X11; Linux x86_64; rv:109.0) Gecko/20100101 Firefox/115.0"
45.33.32.156 - - [10/Mar/2026:19:09:00 +0000] "GET /.git/config HTTP/1.1" 403 123 "-" "curl/7.84.0"
192.168.5.218 - - [10/Mar/2026:18:46:20 +0000] "POST /assets/main.css HTTP/1.1" 304 17987 "-" "Mozilla/5.0 (Macintosh; Intel Mac OS X 10_15_7) AppleWebKit/605.1.15 (KHTML, like Gecko) Version/17.0 Safari/605.1.15"
185.220.101.45 - - [10/Mar/2026:19:07:57 +0000] "GET /download?path=....//....//....//etc/passwd HTTP/1.1" 200 4945 "-" "Nikto/2.1.6"
185.220.101.45 - - [10/Mar/2026:19:07:58 +0000] "GET /page?file=../../../../etc/passwd HTTP/1.1" 200 5380 "-" "Nikto/2.1.6"
192.168.1.99 - - [10/Mar/2026:18:29:43 +0000] "POST /products HTTP/1.1" 200 18131 "-" "Mozilla/5.0 (X11; Linux x86_64; rv:109.0) Gecko/20100101 Firefox/115.0"
172.16.254.1 - - [10/Mar/2026:19:09:40 +0000] "POST /login HTTP/1.1" 401 167 "https://target.com/login" "python-requests/2.28.0"
192.168.1.43 - - [10/Mar/2026:18:52:39 +0000] "GET /assets/main.css HTTP/1.1" 304 9725 "-" "Mozilla/5.0 (Macintosh; Intel Mac OS X 10_15_7) AppleWebKit/605.1.15 (KHTML, like Gecko) Version/17.0 Safari/605.1.15"
203.0.113.77 - - [10/Mar/2026:19:08:22 +0000] "GET /api/exec?cmd=%60whoami%60 HTTP/1.1" 500 2438 "-" "python-requests/2.28.0"
192.168.4.9 - - [10/Mar/2026:18:28:30 +0000] "POST /blog/post-1 HTTP/1.1" 200 3355 "-" "Mozilla/5.0 (X11; Linux x86_64; rv:109.0) Gecko/20100101 Firefox/115.0"
192.168.1.99 - - [10/Mar/2026:18:40:01 +0000] "GET /favicon.ico HTTP/1.1" 200 1202 "-" "Mozilla/5.0 (Macintosh; Intel Mac OS X 10_15_7) AppleWebKit/605.1.15 (KHTML, like Gecko) Version/17.0 Safari/605.1.15"
192.168.3.134 - - [10/Mar/2026:18:43:12 +0000] "GET / HTTP/1.1" 200 21308 "-" "Mozilla/5.0 (Macintosh; Intel Mac OS X 10_15_7) AppleWebKit/605.1.15 (KHTML, like Gecko) Version/17.0 Safari/605.1.15"
192.168.0.177 - - [10/Mar/2026:18:35:15 +0000] "POST /blog HTTP/1.1" 200 713 "-" "Mozilla/5.0 (Macintosh; Intel Mac OS X 10_15_7) AppleWebKit/605.1.15 (KHTML, like Gecko) Version/17.0 Safari/605.1.15"
192.168.2.227 - - [10/Mar/2026:18:26:13 +0000] "GET /index.html HTTP/1.1" 200 18593 "-" "Mozilla/5.0 (X11; Linux x86_64; rv:109.0) Gecko/20100101 Firefox/115.0"
192.168.0.200 - - [10/Mar/2026:18:53:40 +0000] "POST / HTTP/1.1" 200 10996 "-" "Mozilla/5.0 (X11; Linux x86_64; rv:109.0) Gecko/20100101 Firefox/115.0"
192.168.2.7 - - [10/Mar/2026:18:55:47 +0000] "GET /products HTTP/1.1" 301 13934 "-" "Mozilla/5.0 (X11; Linux x86_64; rv:109.0) Gecko/20100101 Firefox/115.0"
185.220.101.45 - - [10/Mar/2026:19:07:51 +0000] "GET /page?file=../../../../etc/passwd HTTP/1.1" 403 1475 "-" "Nikto/2.1.6"
203.0.113.77 - - [10/Mar/2026:19:07:26 +0000] "GET /comment?text=%3Cimg+src%3Dx+onerror%3Dalert%281%29%3E HTTP/1.1" 200 2503 "-" "curl/7.84.0"
192.168.4.9 - - [10/Mar/2026:18:33:50 +0000] "GET /favicon.ico HTTP/1.1" 200 22840 "-" "Mozilla/5.0 (iPhone; CPU iPhone OS 17_0 like Mac OS X) AppleWebKit/605.1.15 Mobile/15E148 Safari/604.1"
192.168.3.119 - - [10/Mar/2026:18:36:36 +0000] "POST /products HTTP/1.1" 200 6306 "-" "Mozilla/5.0 (X11; Linux x86_64; rv:109.0) Gecko/20100101 Firefox/115.0"
172.16.254.1 - - [10/Mar/2026:19:09:42 +0000] "POST /login HTTP/1.1" 401 255 "https://target.com/login" "python-requests/2.28.0"
172.16.254.1 - - [10/Mar/2026:19:09:37 +0000] "POST /login HTTP/1.1" 401 235 "https://target.com/login" "python-requests/2.28.0"
192.168.0.241 - - [10/Mar/2026:18:50:03 +0000] "GET /assets/main.css HTTP/1.1" 304 18224 "-" "Mozilla/5.0 (X11; Linux x86_64; rv:109.0) Gecko/20100101 Firefox/115.0"
192.168.1.43 - - [10/Mar/2026:19:00:54 +0000] "GET /blog HTTP/1.1" 200 16874 "-" "Mozilla/5.0 (iPhone; CPU iPhone OS 17_0 like Mac OS X) AppleWebKit/605.1.15 Mobile/15E148 Safari/604.1"
192.168.0.241 - - [10/Mar/2026:18:31:10 +0000] "GET /assets/app.js HTTP/1.1" 200 20034 "-" "Mozilla/5.0 (X11; Linux x86_64; rv:109.0) Gecko/20100101 Firefox/115.0"
203.0.113.77 - - [10/Mar/2026:19:08:24 +0000] "GET /ping?host=127.0.0.1%3B+cat+%2Fetc%2Fpasswd HTTP/1.1" 200 2858 "-" "python-requests/2.28.0"
192.168.0.241 - - [10/Mar/2026:18:35:09 +0000] "GET /api/v1/users HTTP/1.1" 304 2744 "-" "Mozilla/5.0 (iPhone; CPU iPhone OS 17_0 like Mac OS X) AppleWebKit/605.1.15 Mobile/15E148 Safari/604.1"
192.168.2.7 - - [10/Mar/2026:18:47:47 +0000] "POST /products HTTP/1.1" 200 12720 "-" "Mozilla/5.0 (iPhone; CPU iPhone OS 17_0 like Mac OS X) AppleWebKit/605.1.15 Mobile/15E148 Safari/604.1"
192.168.1.43 - - [10/Mar/2026:18:58:07 +0000] "POST /blog HTTP/1.1" 200 15198 "-" "Mozilla/5.0 (iPhone; CPU iPhone OS 17_0 like Mac OS X) AppleWebKit/605.1.15 Mobile/15E148 Safari/604.1"
